Archive member included to satisfy reference by file (symbol)

d:/software/stm32cube/gcc-arm-none-eabi-10.3-2021.10/bin/../lib/gcc/arm-none-eabi/10.3.1/thumb/v6-m/nofp\libgcc.a(_udivsi3.o)
                              CMakeFiles/SLK-FreeRTOS.elf.dir/Core/Src/stm32g0xx_hal_timebase_tim.c.obj (__aeabi_uidiv)
d:/software/stm32cube/gcc-arm-none-eabi-10.3-2021.10/bin/../lib/gcc/arm-none-eabi/10.3.1/thumb/v6-m/nofp\libgcc.a(_divsi3.o)
                              CMakeFiles/SLK-FreeRTOS.elf.dir/Drivers/STM32G0xx_HAL_Driver/Src/stm32g0xx_hal_uart_ex.c.obj (__aeabi_idiv)
d:/software/stm32cube/gcc-arm-none-eabi-10.3-2021.10/bin/../lib/gcc/arm-none-eabi/10.3.1/thumb/v6-m/nofp\libgcc.a(_dvmd_tls.o)
                              d:/software/stm32cube/gcc-arm-none-eabi-10.3-2021.10/bin/../lib/gcc/arm-none-eabi/10.3.1/thumb/v6-m/nofp\libgcc.a(_udivsi3.o) (__aeabi_idiv0)
d:/software/stm32cube/gcc-arm-none-eabi-10.3-2021.10/bin/../lib/gcc/arm-none-eabi/10.3.1/thumb/v6-m/nofp\libgcc.a(_arm_cmpdf2.o)
                              CMakeFiles/SLK-FreeRTOS.elf.dir/Core/Src/app_freertos.c.obj (__aeabi_dcmpge)
d:/software/stm32cube/gcc-arm-none-eabi-10.3-2021.10/bin/../lib/gcc/arm-none-eabi/10.3.1/thumb/v6-m/nofp\libgcc.a(_arm_cmpsf2.o)
                              CMakeFiles/SLK-FreeRTOS.elf.dir/Hardware/Src/pid.c.obj (__aeabi_fcmple)
d:/software/stm32cube/gcc-arm-none-eabi-10.3-2021.10/bin/../lib/gcc/arm-none-eabi/10.3.1/thumb/v6-m/nofp\libgcc.a(_aeabi_ldivmod.o)
                              CMakeFiles/SLK-FreeRTOS.elf.dir/Hardware/Src/hx711.c.obj (__aeabi_ldivmod)
d:/software/stm32cube/gcc-arm-none-eabi-10.3-2021.10/bin/../lib/gcc/arm-none-eabi/10.3.1/thumb/v6-m/nofp\libgcc.a(_fixunssfsi.o)
                              CMakeFiles/SLK-FreeRTOS.elf.dir/Hardware/Src/Screen.c.obj (__aeabi_f2uiz)
d:/software/stm32cube/gcc-arm-none-eabi-10.3-2021.10/bin/../lib/gcc/arm-none-eabi/10.3.1/thumb/v6-m/nofp\libgcc.a(_fixunsdfsi.o)
                              CMakeFiles/SLK-FreeRTOS.elf.dir/Core/Src/app_freertos.c.obj (__aeabi_d2uiz)
d:/software/stm32cube/gcc-arm-none-eabi-10.3-2021.10/bin/../lib/gcc/arm-none-eabi/10.3.1/thumb/v6-m/nofp\libgcc.a(bpabi.o)
                              d:/software/stm32cube/gcc-arm-none-eabi-10.3-2021.10/bin/../lib/gcc/arm-none-eabi/10.3.1/thumb/v6-m/nofp\libgcc.a(_aeabi_ldivmod.o) (__gnu_ldivmod_helper)
d:/software/stm32cube/gcc-arm-none-eabi-10.3-2021.10/bin/../lib/gcc/arm-none-eabi/10.3.1/thumb/v6-m/nofp\libgcc.a(addsf3.o)
                              CMakeFiles/SLK-FreeRTOS.elf.dir/Core/Src/app_freertos.c.obj (__aeabi_fadd)
d:/software/stm32cube/gcc-arm-none-eabi-10.3-2021.10/bin/../lib/gcc/arm-none-eabi/10.3.1/thumb/v6-m/nofp\libgcc.a(divsf3.o)
                              CMakeFiles/SLK-FreeRTOS.elf.dir/Hardware/Src/Screen.c.obj (__aeabi_fdiv)
d:/software/stm32cube/gcc-arm-none-eabi-10.3-2021.10/bin/../lib/gcc/arm-none-eabi/10.3.1/thumb/v6-m/nofp\libgcc.a(eqsf2.o)
                              d:/software/stm32cube/gcc-arm-none-eabi-10.3-2021.10/bin/../lib/gcc/arm-none-eabi/10.3.1/thumb/v6-m/nofp\libgcc.a(_arm_cmpsf2.o) (__eqsf2)
d:/software/stm32cube/gcc-arm-none-eabi-10.3-2021.10/bin/../lib/gcc/arm-none-eabi/10.3.1/thumb/v6-m/nofp\libgcc.a(gesf2.o)
                              d:/software/stm32cube/gcc-arm-none-eabi-10.3-2021.10/bin/../lib/gcc/arm-none-eabi/10.3.1/thumb/v6-m/nofp\libgcc.a(_arm_cmpsf2.o) (__gesf2)
d:/software/stm32cube/gcc-arm-none-eabi-10.3-2021.10/bin/../lib/gcc/arm-none-eabi/10.3.1/thumb/v6-m/nofp\libgcc.a(lesf2.o)
                              d:/software/stm32cube/gcc-arm-none-eabi-10.3-2021.10/bin/../lib/gcc/arm-none-eabi/10.3.1/thumb/v6-m/nofp\libgcc.a(_arm_cmpsf2.o) (__lesf2)
d:/software/stm32cube/gcc-arm-none-eabi-10.3-2021.10/bin/../lib/gcc/arm-none-eabi/10.3.1/thumb/v6-m/nofp\libgcc.a(mulsf3.o)
                              CMakeFiles/SLK-FreeRTOS.elf.dir/Hardware/Src/hx711.c.obj (__aeabi_fmul)
d:/software/stm32cube/gcc-arm-none-eabi-10.3-2021.10/bin/../lib/gcc/arm-none-eabi/10.3.1/thumb/v6-m/nofp\libgcc.a(subsf3.o)
                              CMakeFiles/SLK-FreeRTOS.elf.dir/Hardware/Src/pid.c.obj (__aeabi_fsub)
d:/software/stm32cube/gcc-arm-none-eabi-10.3-2021.10/bin/../lib/gcc/arm-none-eabi/10.3.1/thumb/v6-m/nofp\libgcc.a(fixsfsi.o)
                              CMakeFiles/SLK-FreeRTOS.elf.dir/Hardware/Src/hx711.c.obj (__aeabi_f2iz)
d:/software/stm32cube/gcc-arm-none-eabi-10.3-2021.10/bin/../lib/gcc/arm-none-eabi/10.3.1/thumb/v6-m/nofp\libgcc.a(floatsisf.o)
                              CMakeFiles/SLK-FreeRTOS.elf.dir/Hardware/Src/hx711.c.obj (__aeabi_i2f)
d:/software/stm32cube/gcc-arm-none-eabi-10.3-2021.10/bin/../lib/gcc/arm-none-eabi/10.3.1/thumb/v6-m/nofp\libgcc.a(floatunsisf.o)
                              CMakeFiles/SLK-FreeRTOS.elf.dir/Hardware/Src/Screen.c.obj (__aeabi_ui2f)
d:/software/stm32cube/gcc-arm-none-eabi-10.3-2021.10/bin/../lib/gcc/arm-none-eabi/10.3.1/thumb/v6-m/nofp\libgcc.a(adddf3.o)
[...]
Memory Configuration

Name             Origin             Length             Attributes
RAM              0x20000000         0x00009000         xrw
FLASH            0x08000000         0x00020000         xr
*default*        0x00000000         0xffffffff

Linker script and memory map

LOAD d:/software/stm32cube/gcc-arm-none-eabi-10.3-2021.10/bin/../lib/gcc/arm-none-eabi/10.3.1/thumb/v6-m/nofp/crti.o
LOAD d:/software/stm32cube/gcc-arm-none-eabi-10.3-2021.10/bin/../lib/gcc/arm-none-eabi/10.3.1/thumb/v6-m/nofp/crtbegin.o
LOAD d:/software/stm32cube/gcc-arm-none-eabi-10.3-2021.10/bin/../lib/gcc/arm-none-eabi/10.3.1/../../../../arm-none-eabi/lib/thumb/v6-m/nofp/crt0.o
LOAD CMakeFiles/SLK-FreeRTOS.elf.dir/Core/Src/adc.c.obj
LOAD CMakeFiles/SLK-FreeRTOS.elf.dir/Core/Src/app_freertos.c.obj
LOAD CMakeFiles/SLK-FreeRTOS.elf.dir/Core/Src/dma.c.obj
LOAD CMakeFiles/SLK-FreeRTOS.elf.dir/Core/Src/gpio.c.obj
LOAD CMakeFiles/SLK-FreeRTOS.elf.dir/Core/Src/i2c.c.obj
LOAD CMakeFiles/SLK-FreeRTOS.elf.dir/Core/Src/main.c.obj
LOAD CMakeFiles/SLK-FreeRTOS.elf.dir/Core/Src/spi.c.obj
LOAD CMakeFiles/SLK-FreeRTOS.elf.dir/Core/Src/stm32g0xx_hal_msp.c.obj
LOAD CMakeFiles/SLK-FreeRTOS.elf.dir/Core/Src/stm32g0xx_hal_timebase_tim.c.obj
LOAD CMakeFiles/SLK-FreeRTOS.elf.dir/Core/Src/stm32g0xx_it.c.obj
LOAD CMakeFiles/SLK-FreeRTOS.elf.dir/Core/Src/syscalls.c.obj
LOAD CMakeFiles/SLK-FreeRTOS.elf.dir/Core/Src/sysmem.c.obj
LOAD CMakeFiles/SLK-FreeRTOS.elf.dir/Core/Src/system_stm32g0xx.c.obj
LOAD CMakeFiles/SLK-FreeRTOS.elf.dir/Core/Src/tim.c.obj
LOAD CMakeFiles/SLK-FreeRTOS.elf.dir/Core/Src/usart.c.obj
LOAD CMakeFiles/SLK-FreeRTOS.elf.dir/Core/Startup/startup_stm32g070cbtx.s.obj
LOAD CMakeFiles/SLK-FreeRTOS.elf.dir/Drivers/STM32G0xx_HAL_Driver/Src/stm32g0xx_hal.c.obj
LOAD CMakeFiles/SLK-FreeRTOS.elf.dir/Drivers/STM32G0xx_HAL_Driver/Src/stm32g0xx_hal_adc.c.obj
LOAD CMakeFiles/SLK-FreeRTOS.elf.dir/Drivers/STM32G0xx_HAL_Driver/Src/stm32g0xx_hal_adc_ex.c.obj
LOAD CMakeFiles/SLK-FreeRTOS.elf.dir/Drivers/STM32G0xx_HAL_Driver/Src/stm32g0xx_hal_cortex.c.obj
LOAD CMakeFiles/SLK-FreeRTOS.elf.dir/Drivers/STM32G0xx_HAL_Driver/Src/stm32g0xx_hal_dma.c.obj
LOAD CMakeFiles/SLK-FreeRTOS.elf.dir/Drivers/STM32G0xx_HAL_Driver/Src/stm32g0xx_hal_dma_ex.c.obj
LOAD CMakeFiles/SLK-FreeRTOS.elf.dir/Drivers/STM32G0xx_HAL_Driver/Src/stm32g0xx_hal_exti.c.obj
LOAD CMakeFiles/SLK-FreeRTOS.elf.dir/Drivers/STM32G0xx_HAL_Driver/Src/stm32g0xx_hal_flash.c.obj
LOAD CMakeFiles/SLK-FreeRTOS.elf.dir/Drivers/STM32G0xx_HAL_Driver/Src/stm32g0xx_hal_flash_ex.c.obj
LOAD CMakeFiles/SLK-FreeRTOS.elf.dir/Drivers/STM32G0xx_HAL_Driver/Src/stm32g0xx_hal_gpio.c.obj
LOAD CMakeFiles/SLK-FreeRTOS.elf.dir/Drivers/STM32G0xx_HAL_Driver/Src/stm32g0xx_hal_i2c.c.obj
LOAD CMakeFiles/SLK-FreeRTOS.elf.dir/Drivers/STM32G0xx_HAL_Driver/Src/stm32g0xx_hal_i2c_ex.c.obj
LOAD CMakeFiles/SLK-FreeRTOS.elf.dir/Drivers/STM32G0xx_HAL_Driver/Src/stm32g0xx_hal_pwr.c.obj
LOAD CMakeFiles/SLK-FreeRTOS.elf.dir/Drivers/STM32G0xx_HAL_Driver/Src/stm32g0xx_hal_pwr_ex.c.obj
LOAD CMakeFiles/SLK-FreeRTOS.elf.dir/Drivers/STM32G0xx_HAL_Driver/Src/stm32g0xx_hal_rcc.c.obj
LOAD CMakeFiles/SLK-FreeRTOS.elf.dir/Drivers/STM32G0xx_HAL_Driver/Src/stm32g0xx_hal_rcc_ex.c.obj
LOAD CMakeFiles/SLK-FreeRTOS.elf.dir/Drivers/STM32G0xx_HAL_Driver/Src/stm32g0xx_hal_spi.c.obj
LOAD CMakeFiles/SLK-FreeRTOS.elf.dir/Drivers/STM32G0xx_HAL_Driver/Src/stm32g0xx_hal_spi_ex.c.obj
LOAD CMakeFiles/SLK-FreeRTOS.elf.dir/Drivers/STM32G0xx_HAL_Driver/Src/stm32g0xx_hal_tim.c.obj
LOAD CMakeFiles/SLK-FreeRTOS.elf.dir/Drivers/STM32G0xx_HAL_Driver/Src/stm32g0xx_hal_tim_ex.c.obj
LOAD CMakeFiles/SLK-FreeRTOS.elf.dir/Drivers/STM32G0xx_HAL_Driver/Src/stm32g0xx_hal_uart.c.obj
LOAD CMakeFiles/SLK-FreeRTOS.elf.dir/Drivers/STM32G0xx_HAL_Driver/Src/stm32g0xx_hal_uart_ex.c.obj
LOAD CMakeFiles/SLK-FreeRTOS.elf.dir/Drivers/STM32G0xx_HAL_Driver/Src/stm32g0xx_ll_adc.c.obj
LOAD CMakeFiles/SLK-FreeRTOS.elf.dir/Drivers/STM32G0xx_HAL_Driver/Src/stm32g0xx_ll_dma.c.obj
LOAD CMakeFiles/SLK-FreeRTOS.elf.dir/Drivers/STM32G0xx_HAL_Driver/Src/stm32g0xx_ll_rcc.c.obj
LOAD CMakeFiles/SLK-FreeRTOS.elf.dir/Hardware/Src/24cxx.c.obj
LOAD CMakeFiles/SLK-FreeRTOS.elf.dir/Hardware/Src/Screen.c.obj
LOAD CMakeFiles/SLK-FreeRTOS.elf.dir/Hardware/Src/apply.c.obj
LOAD CMakeFiles/SLK-FreeRTOS.elf.dir/Hardware/Src/bq25895.c.obj
LOAD CMakeFiles/SLK-FreeRTOS.elf.dir/Hardware/Src/bq27441.c.obj
LOAD CMakeFiles/SLK-FreeRTOS.elf.dir/Hardware/Src/hx711.c.obj
LOAD CMakeFiles/SLK-FreeRTOS.elf.dir/Hardware/Src/myiic.c.obj
LOAD CMakeFiles/SLK-FreeRTOS.elf.dir/Hardware/Src/pid.c.obj
LOAD CMakeFiles/SLK-FreeRTOS.elf.dir/Hardware/Src/tmc5130.c.obj
LOAD CMakeFiles/SLK-FreeRTOS.elf.dir/Hardware/Src/tmp114.c.obj
LOAD CMakeFiles/SLK-FreeRTOS.elf.dir/Hardware/Src/ucs1903.c.obj
LOAD CMakeFiles/SLK-FreeRTOS.elf.dir/Middlewares/Third_Party/FreeRTOS/Source/CMSIS_RTOS_V2/cmsis_os2.c.obj
LOAD CMakeFiles/SLK-FreeRTOS.elf.dir/Middlewares/Third_Party/FreeRTOS/Source/croutine.c.obj
LOAD CMakeFiles/SLK-FreeRTOS.elf.dir/Middlewares/Third_Party/FreeRTOS/Source/event_groups.c.obj
LOAD CMakeFiles/SLK-FreeRTOS.elf.dir/Middlewares/Third_Party/FreeRTOS/Source/list.c.obj
LOAD CMakeFiles/SLK-FreeRTOS.elf.dir/Middlewares/Third_Party/FreeRTOS/Source/portable/GCC/ARM_CM0/port.c.obj
LOAD CMakeFiles/SLK-FreeRTOS.elf.dir/Middlewares/Third_Party/FreeRTOS/Source/portable/MemMang/heap_4.c.obj
LOAD CMakeFiles/SLK-FreeRTOS.elf.dir/Middlewares/Third_Party/FreeRTOS/Source/queue.c.obj
LOAD CMakeFiles/SLK-FreeRTOS.elf.dir/Middlewares/Third_Party/FreeRTOS/Source/stream_buffer.c.obj
LOAD CMakeFiles/SLK-FreeRTOS.elf.dir/Middlewares/Third_Party/FreeRTOS/Source/tasks.c.obj
LOAD CMakeFiles/SLK-FreeRTOS.elf.dir/Middlewares/Third_Party/FreeRTOS/Source/timers.c.obj
START GROUP
LOAD d:/software/stm32cube/gcc-arm-none-eabi-10.3-2021.10/bin/../lib/gcc/arm-none-eabi/10.3.1/thumb/v6-m/nofp\libgcc.a
LOAD d:/software/stm32cube/gcc-arm-none-eabi-10.3-2021.10/bin/../lib/gcc/arm-none-eabi/10.3.1/../../../../arm-none-eabi/lib/thumb/v6-m/nofp\libg.a
LOAD d:/software/stm32cube/gcc-arm-none-eabi-10.3-2021.10/bin/../lib/gcc/arm-none-eabi/10.3.1/../../../../arm-none-eabi/lib/thumb/v6-m/nofp\libc.a
END GROUP
LOAD d:/software/stm32cube/gcc-arm-none-eabi-10.3-2021.10/bin/../lib/gcc/arm-none-eabi/10.3.1/thumb/v6-m/nofp/crtend.o
LOAD d:/software/stm32cube/gcc-arm-none-eabi-10.3-2021.10/bin/../lib/gcc/arm-none-eabi/10.3.1/thumb/v6-m/nofp/crtn.o
                0x20009000                _estack = (ORIGIN (RAM) + LENGTH (RAM))
                0x00000200                _Min_Heap_Size = 0x200
                0x00000400                _Min_Stack_Size = 0x400

.isr_vector     0x08000000       0xb8
                0x08000000                . = ALIGN (0x4)
 *(.isr_vector)
 .isr_vector    0x08000000       0xb8 CMakeFiles/SLK-FreeRTOS.elf.dir/Core/Startup/startup_stm32g070cbtx.s.obj
                0x08000000                g_pfnVectors
                0x080000b8                . = ALIGN (0x4)

.text           0x080000c0     0xdbc0
                0x080000c0                . = ALIGN (0x4)
 *(.text)
 .text          0x080000c0       0x48 d:/software/stm32cube/gcc-arm-none-eabi-10.3-2021.10/bin/../lib/gcc/arm-none-eabi/10.3.1/thumb/v6-m/nofp/crtbegin.o
 .text          0x08000108      0x114 d:/software/stm32cube/gcc-arm-none-eabi-10.3-2021.10/bin/../lib/gcc/arm-none-eabi/10.3.1/thumb/v6-m/nofp\libgcc.a(_udivsi3.o)
                0x08000108                __aeabi_uidiv
                0x08000108                __udivsi3
                0x08000214                __aeabi_uidivmod
 .text          0x0800021c      0x1d4 d:/software/stm32cube/gcc-arm-none-eabi-10.3-2021.10/bin/../lib/gcc/arm-none-eabi/10.3.1/thumb/v6-m/nofp\libgcc.a(_divsi3.o)
                0x0800021c                __divsi3
                0x0800021c                __aeabi_idiv
                0x080003e8                __aeabi_idivmod
 .text          0x080003f0        0x4 d:/software/stm32cube/gcc-arm-none-eabi-10.3-2021.10/bin/../lib/gcc/arm-none-eabi/10.3.1/thumb/v6-m/nofp\libgcc.a(_dvmd_tls.o)
                0x080003f0                __aeabi_idiv0
                0x080003f0                __aeabi_ldiv0
 .text          0x080003f4       0x7c d:/software/stm32cube/gcc-arm-none-eabi-10.3-2021.10/bin/../lib/gcc/arm-none-eabi/10.3.1/thumb/v6-m/nofp\libgcc.a(_arm_cmpdf2.o)
                0x080003f4                __aeabi_cdrcmple
                0x08000404                __aeabi_cdcmple
                0x08000404                __aeabi_cdcmpeq
                0x08000414                __aeabi_dcmpeq
                0x08000420                __aeabi_dcmplt
                0x08000434                __aeabi_dcmple
                0x08000448                __aeabi_dcmpgt
                0x0800045c                __aeabi_dcmpge
 .text          0x08000470       0x74 d:/software/stm32cube/gcc-arm-none-eabi-10.3-2021.10/bin/../lib/gcc/arm-none-eabi/10.3.1/thumb/v6-m/nofp\libgcc.a(_arm_cmpsf2.o)
                0x08000470                __aeabi_cfrcmple
                0x08000478                __aeabi_cfcmpeq
                0x08000478                __aeabi_cfcmple
                0x08000488                __aeabi_fcmpeq
                0x08000494                __aeabi_fcmplt
                0x080004a8                __aeabi_fcmple
                0x080004bc                __aeabi_fcmpgt
                0x080004d0                __aeabi_fcmpge
 .text          0x080004e4       0x30 d:/software/stm32cube/gcc-arm-none-eabi-10.3-2021.10/bin/../lib/gcc/arm-none-eabi/10.3.1/thumb/v6-m/nofp\libgcc.a(_fixunssfsi.o)
                0x080004e4                __fixunssfsi
                0x080004e4                __aeabi_f2uiz
 .text          0x08000514       0x3c d:/software/stm32cube/gcc-arm-none-eabi-10.3-2021.10/bin/../lib/gcc/arm-none-eabi/10.3.1/thumb/v6-m/nofp\libgcc.a(_fixunsdfsi.o)
                0x08000514                __aeabi_d2uiz
                0x08000514                __fixunsdfsi
 .text          0x08000550      0x33c d:/software/stm32cube/gcc-arm-none-eabi-10.3-2021.10/bin/../lib/gcc/arm-none-eabi/10.3.1/thumb/v6-m/nofp\libgcc.a(addsf3.o)
                0x08000550                __aeabi_fadd
 .text          0x0800088c      0x230 d:/software/stm32cube/gcc-arm-none-eabi-10.3-2021.10/bin/../lib/gcc/arm-none-eabi/10.3.1/thumb/v6-m/nofp\libgcc.a(divsf3.o)
                0x0800088c                __aeabi_fdiv
 .text          0x08000abc       0x4c d:/software/stm32cube/gcc-arm-none-eabi-10.3-2021.10/bin/../lib/gcc/arm-none-eabi/10.3.1/thumb/v6-m/nofp\libgcc.a(eqsf2.o)
                0x08000abc                __eqsf2
                0x08000abc                __nesf2
 .text          0x08000b08       0x8c d:/software/stm32cube/gcc-arm-none-eabi-10.3-2021.10/bin/../lib/gcc/arm-none-eabi/10.3.1/thumb/v6-m/nofp\libgcc.a(gesf2.o)
                0x08000b08                __gesf2
                0x08000b08                __gtsf2
 .text          0x08000b94       0x88 d:/software/stm32cube/gcc-arm-none-eabi-10.3-2021.10/bin/../lib/gcc/arm-none-eabi/10.3.1/thumb/v6-m/nofp\libgcc.a(lesf2.o)
                0x08000b94                __ltsf2
                0x08000b94                __lesf2
 .text          0x08000c1c      0x24c d:/software/stm32cube/gcc-arm-none-eabi-10.3-2021.10/bin/../lib/gcc/arm-none-eabi/10.3.1/thumb/v6-m/nofp\libgcc.a(mulsf3.o)
                0x08000c1c                __aeabi_fmul
 .text          0x08000e68      0x35c d:/software/stm32cube/gcc-arm-none-eabi-10.3-2021.10/bin/../lib/gcc/arm-none-eabi/10.3.1/thumb/v6-m/nofp\libgcc.a(subsf3.o)
                0x08000e68                __aeabi_fsub
 .text          0x080011c4       0x40 d:/software/stm32cube/gcc-arm-none-eabi-10.3-2021.10/bin/../lib/gcc/arm-none-eabi/10.3.1/thumb/v6-m/nofp\libgcc.a(fixsfsi.o)
                0x080011c4                __aeabi_f2iz
 .text          0x08001204       0x9c d:/software/stm32cube/gcc-arm-none-eabi-10.3-2021.10/bin/../lib/gcc/arm-none-eabi/10.3.1/thumb/v6-m/nofp\libgcc.a(floatsisf.o)
                0x08001204                __aeabi_i2f
 .text          0x080012a0       0x84 d:/software/stm32cube/gcc-arm-none-eabi-10.3-2021.10/bin/../lib/gcc/arm-none-eabi/10.3.1/thumb/v6-m/nofp\libgcc.a(floatunsisf.o)
                0x080012a0                __aeabi_ui2f
 .text          0x08001324      0x678 d:/software/stm32cube/gcc-arm-none-eabi-10.3-2021.10/bin/../lib/gcc/arm-none-eabi/10.3.1/thumb/v6-m/nofp\libgcc.a(adddf3.o)
                0x08001324                __aeabi_dadd
 .text          0x0800199c      0x5ec d:/software/stm32cube/gcc-arm-none-eabi-10.3-2021.10/bin/../lib/gcc/arm-none-eabi/10.3.1/thumb/v6-m/nofp\libgcc.a(divdf3.o)
                0x0800199c                __aeabi_ddiv
 .text          0x08001f88       0x84 d:/software/stm32cube/gcc-arm-none-eabi-10.3-2021.10/bin/../lib/gcc/arm-none-eabi/10.3.1/thumb/v6-m/nofp\libgcc.a(eqdf2.o)
                0x08001f88                __nedf2
                0x08001f88                __eqdf2
 .text          0x0800200c       0xcc d:/software/stm32cube/gcc-arm-none-eabi-10.3-2021.10/bin/../lib/gcc/arm-none-eabi/10.3.1/thumb/v6-m/nofp\libgcc.a(gedf2.o)
                0x0800200c                __gedf2
                0x0800200c                __gtdf2
 .text          0x080020d8       0xc8 d:/software/stm32cube/gcc-arm-none-eabi-10.3-2021.10/bin/../lib/gcc/arm-none-eabi/10.3.1/thumb/v6-m/nofp\libgcc.a(ledf2.o)
                0x080020d8                __ledf2
                0x080020d8                __ltdf2
 .text          0x080021a0      0x4d8 d:/software/stm32cube/gcc-arm-none-eabi-10.3-2021.10/bin/../lib/gcc/arm-none-eabi/10.3.1/thumb/v6-m/nofp\libgcc.a(muldf3.o)
                0x080021a0                __aeabi_dmul
 .text          0x08002678      0x724 d:/software/stm32cube/gcc-arm-none-eabi-10.3-2021.10/bin/../lib/gcc/arm-none-eabi/10.3.1/thumb/v6-m/nofp\libgcc.a(subdf3.o)
                0x08002678                __aeabi_dsub
 .text          0x08002d9c       0x6c d:/software/stm32cube/gcc-arm-none-eabi-10.3-2021.10/bin/../lib/gcc/arm-none-eabi/10.3.1/thumb/v6-m/nofp\libgcc.a(fixdfsi.o)
                0x08002d9c                __aeabi_d2iz
 .text          0x08002e08       0x60 d:/software/stm32cube/gcc-arm-none-eabi-10.3-2021.10/bin/../lib/gcc/arm-none-eabi/10.3.1/thumb/v6-m/nofp\libgcc.a(floatsidf.o)
                0x08002e08                __aeabi_i2d
 .text          0x08002e68       0x90 d:/software/stm32cube/gcc-arm-none-eabi-10.3-2021.10/bin/../lib/gcc/arm-none-eabi/10.3.1/thumb/v6-m/nofp\libgcc.a(extendsfdf2.o)
                0x08002e68                __aeabi_f2d
 .text          0x08002ef8      0x110 d:/software/stm32cube/gcc-arm-none-eabi-10.3-2021.10/bin/../lib/gcc/arm-none-eabi/10.3.1/thumb/v6-m/nofp\libgcc.a(truncdfsf2.o)
                0x08002ef8                __aeabi_d2f
 .text          0x08003008       0x3c d:/software/stm32cube/gcc-arm-none-eabi-10.3-2021.10/bin/../lib/gcc/arm-none-eabi/10.3.1/thumb/v6-m/nofp\libgcc.a(_clzsi2.o)
                0x08003008                __clzsi2
 *(.text*)
 .text.MX_ADC1_Init
                0x08003044       0xc8 CMakeFiles/SLK-FreeRTOS.elf.dir/Core/Src/adc.c.obj
                0x08003044                MX_ADC1_Init
 .text.HAL_ADC_MspInit
                0x0800310c       0xd0 CMakeFiles/SLK-FreeRTOS.elf.dir/Core/Src/adc.c.obj
                0x0800310c                HAL_ADC_MspInit
 .text.AppMotor_Task
                0x080031dc      0x1b8 CMakeFiles/SLK-FreeRTOS.elf.dir/Core/Src/app_freertos.c.obj
                0x080031dc                AppMotor_Task
 .text.APP_HeatTask
                0x08003394       0x60 CMakeFiles/SLK-FreeRTOS.elf.dir/Core/Src/app_freertos.c.obj
                0x08003394                APP_HeatTask
 .text.App_Uart_ProcessTask
                0x080033f4       0x88 CMakeFiles/SLK-FreeRTOS.elf.dir/Core/Src/app_freertos.c.obj
                0x080033f4                App_Uart_ProcessTask
 .text.App_Charge_Task
                0x0800347c       0xb4 CMakeFiles/SLK-FreeRTOS.elf.dir/Core/Src/app_freertos.c.obj
                0x0800347c                App_Charge_Task
 .text.BreatheTimerCallback
                0x08003530       0x9c CMakeFiles/SLK-FreeRTOS.elf.dir/Core/Src/app_freertos.c.obj
                0x08003530                BreatheTimerCallback
 .text.MX_FREERTOS_Init
                0x080035cc       0xdc CMakeFiles/SLK-FreeRTOS.elf.dir/Core/Src/app_freertos.c.obj
                0x080035cc                MX_FREERTOS_Init
 .text.MX_DMA_Init
                0x080036a8       0x50 CMakeFiles/SLK-FreeRTOS.elf.dir/Core/Src/dma.c.obj
                0x080036a8                MX_DMA_Init
 .text.MX_GPIO_Init
                0x080036f8      0x21c CMakeFiles/SLK-FreeRTOS.elf.dir/Core/Src/gpio.c.obj
                0x080036f8                MX_GPIO_Init
 .text.MX_I2C1_Init
                0x08003914       0x60 CMakeFiles/SLK-FreeRTOS.elf.dir/Core/Src/i2c.c.obj
                0x08003914                MX_I2C1_Init
 .text.MX_I2C2_Init
                0x08003974       0x60 CMakeFiles/SLK-FreeRTOS.elf.dir/Core/Src/i2c.c.obj
                0x08003974                MX_I2C2_Init
 .text.HAL_I2C_MspInit
                0x080039d4      0x1d0 CMakeFiles/SLK-FreeRTOS.elf.dir/Core/Src/i2c.c.obj
                0x080039d4                HAL_I2C_MspInit
 .text.HAL_TIM_PeriodElapsedCallback
                0x08003ba4       0x64 CMakeFiles/SLK-FreeRTOS.elf.dir/Core/Src/main.c.obj
                0x08003ba4                HAL_TIM_PeriodElapsedCallback
 .text.Error_Handler
                0x08003c08        0x4 CMakeFiles/SLK-FreeRTOS.elf.dir/Core/Src/main.c.obj
                0x08003c08                Error_Handler
 .text.SystemClock_Config
                0x08003c0c       0x76 CMakeFiles/SLK-FreeRTOS.elf.dir/Core/Src/main.c.obj
                0x08003c0c                SystemClock_Config
 .text.main     0x08003c82       0x44 CMakeFiles/SLK-FreeRTOS.elf.dir/Core/Src/main.c.obj
                0x08003c82                main
 *fill*         0x08003cc6        0x2 
 .text.MX_SPI1_Init
                0x08003cc8       0x54 CMakeFiles/SLK-FreeRTOS.elf.dir/Core/Src/spi.c.obj
                0x08003cc8                MX_SPI1_Init
 .text.HAL_SPI_MspInit
                0x08003d1c       0x98 CMakeFiles/SLK-FreeRTOS.elf.dir/Core/Src/spi.c.obj
                0x08003d1c                HAL_SPI_MspInit
 .text.HAL_MspInit
                0x08003db4       0x64 CMakeFiles/SLK-FreeRTOS.elf.dir/Core/Src/stm32g0xx_hal_msp.c.obj
                0x08003db4                HAL_MspInit
 .text.HAL_InitTick
                0x08003e18       0x9c CMakeFiles/SLK-FreeRTOS.elf.dir/Core/Src/stm32g0xx_hal_timebase_tim.c.obj
                0x08003e18                HAL_InitTick
 .text.NMI_Handler
                0x08003eb4        0x2 CMakeFiles/SLK-FreeRTOS.elf.dir/Core/Src/stm32g0xx_it.c.obj
                0x08003eb4                NMI_Handler
 .text.HardFault_Handler
                0x08003eb6        0x2 CMakeFiles/SLK-FreeRTOS.elf.dir/Core/Src/stm32g0xx_it.c.obj
                0x08003eb6                HardFault_Handler
 .text.FLASH_IRQHandler
                0x08003eb8        0x8 CMakeFiles/SLK-FreeRTOS.elf.dir/Core/Src/stm32g0xx_it.c.obj
                0x08003eb8                FLASH_IRQHandler
 .text.RCC_IRQHandler
                0x08003ec0        0x2 CMakeFiles/SLK-FreeRTOS.elf.dir/Core/Src/stm32g0xx_it.c.obj
                0x08003ec0                RCC_IRQHandler
 .text.EXTI0_1_IRQHandler
                0x08003ec2        0xa CMakeFiles/SLK-FreeRTOS.elf.dir/Core/Src/stm32g0xx_it.c.obj
                0x08003ec2                EXTI0_1_IRQHandler
 .text.EXTI2_3_IRQHandler
                0x08003ecc        0xa CMakeFiles/SLK-FreeRTOS.elf.dir/Core/Src/stm32g0xx_it.c.obj
                0x08003ecc                EXTI2_3_IRQHandler
 .text.EXTI4_15_IRQHandler
                0x08003ed6       0x10 CMakeFiles/SLK-FreeRTOS.elf.dir/Core/Src/stm32g0xx_it.c.obj
                0x08003ed6                EXTI4_15_IRQHandler
 *fill*         0x08003ee6        0x2 
 .text.DMA1_Channel1_IRQHandler
                0x08003ee8       0x10 CMakeFiles/SLK-FreeRTOS.elf.dir/Core/Src/stm32g0xx_it.c.obj
                0x08003ee8                DMA1_Channel1_IRQHandler
 .text.DMA1_Channel2_3_IRQHandler
                0x08003ef8       0x18 CMakeFiles/SLK-FreeRTOS.elf.dir/Core/Src/stm32g0xx_it.c.obj
                0x08003ef8                DMA1_Channel2_3_IRQHandler
 .text.DMA1_Ch4_7_DMAMUX1_OVR_IRQHandler
                0x08003f10       0x2c CMakeFiles/SLK-FreeRTOS.elf.dir/Core/Src/stm32g0xx_it.c.obj
                0x08003f10                DMA1_Ch4_7_DMAMUX1_OVR_IRQHandler
 .text.ADC1_IRQHandler
                0x08003f3c       0x10 CMakeFiles/SLK-FreeRTOS.elf.dir/Core/Src/stm32g0xx_it.c.obj
                0x08003f3c                ADC1_IRQHandler
 .text.TIM6_IRQHandler
                0x08003f4c       0x10 CMakeFiles/SLK-FreeRTOS.elf.dir/Core/Src/stm32g0xx_it.c.obj
                0x08003f4c                TIM6_IRQHandler
 .text.TIM7_IRQHandler
                0x08003f5c       0x10 CMakeFiles/SLK-FreeRTOS.elf.dir/Core/Src/stm32g0xx_it.c.obj
                0x08003f5c                TIM7_IRQHandler
 .text.TIM14_IRQHandler
                0x08003f6c       0x10 CMakeFiles/SLK-FreeRTOS.elf.dir/Core/Src/stm32g0xx_it.c.obj
                0x08003f6c                TIM14_IRQHandler
 .text.I2C1_IRQHandler
                0x08003f7c       0x24 CMakeFiles/SLK-FreeRTOS.elf.dir/Core/Src/stm32g0xx_it.c.obj
                0x08003f7c                I2C1_IRQHandler
 .text.I2C2_IRQHandler
                0x08003fa0       0x24 CMakeFiles/SLK-FreeRTOS.elf.dir/Core/Src/stm32g0xx_it.c.obj
                0x08003fa0                I2C2_IRQHandler
 .text.SPI1_IRQHandler
                0x08003fc4       0x10 CMakeFiles/SLK-FreeRTOS.elf.dir/Core/Src/stm32g0xx_it.c.obj
                0x08003fc4                SPI1_IRQHandler
 .text.USART1_IRQHandler
                0x08003fd4       0x8c CMakeFiles/SLK-FreeRTOS.elf.dir/Core/Src/stm32g0xx_it.c.obj
                0x08003fd4                USART1_IRQHandler
 .text.HAL_GPIO_EXTI_Falling_Callback
                0x08004060      0x140 CMakeFiles/SLK-FreeRTOS.elf.dir/Core/Src/stm32g0xx_it.c.obj
                0x08004060                HAL_GPIO_EXTI_Falling_Callback
 .text.SystemInit
                0x080041a0        0x2 CMakeFiles/SLK-FreeRTOS.elf.dir/Core/Src/system_stm32g0xx.c.obj
                0x080041a0                SystemInit
 *fill*         0x080041a2        0x2 
 .text.MX_TIM7_Init
                0x080041a4       0x60 CMakeFiles/SLK-FreeRTOS.elf.dir/Core/Src/tim.c.obj
                0x080041a4                MX_TIM7_Init
 .text.MX_TIM17_Init
                0x08004204       0x34 CMakeFiles/SLK-FreeRTOS.elf.dir/Core/Src/tim.c.obj
                0x08004204                MX_TIM17_Init
 .text.HAL_TIM_Base_MspInit
                0x08004238      0x124 CMakeFiles/SLK-FreeRTOS.elf.dir/Core/Src/tim.c.obj
                0x08004238                HAL_TIM_Base_MspInit
 .text.HAL_TIM_MspPostInit
                0x0800435c       0x80 CMakeFiles/SLK-FreeRTOS.elf.dir/Core/Src/tim.c.obj
                0x0800435c                HAL_TIM_MspPostInit
 .text.MX_TIM14_Init
                0x080043dc       0x74 CMakeFiles/SLK-FreeRTOS.elf.dir/Core/Src/tim.c.obj
                0x080043dc                MX_TIM14_Init
 .text.MX_TIM16_Init
                0x08004450       0xac CMakeFiles/SLK-FreeRTOS.elf.dir/Core/Src/tim.c.obj
                0x08004450                MX_TIM16_Init
 .text.MX_USART1_UART_Init
                0x080044fc       0x88 CMakeFiles/SLK-FreeRTOS.elf.dir/Core/Src/usart.c.obj
                0x080044fc                MX_USART1_UART_Init
 .text.HAL_UART_MspInit
                0x08004584       0xcc CMakeFiles/SLK-FreeRTOS.elf.dir/Core/Src/usart.c.obj
                0x08004584                HAL_UART_MspInit
 .text.Reset_Handler
                0x08004650       0x50 CMakeFiles/SLK-FreeRTOS.elf.dir/Core/Startup/startup_stm32g070cbtx.s.obj
                0x08004650                Reset_Handler
 .text.Default_Handler
                0x080046a0        0x2 CMakeFiles/SLK-FreeRTOS.elf.dir/Core/Startup/startup_stm32g070cbtx.s.obj
                0x080046a0                TIM1_CC_IRQHandler
                0x080046a0                RTC_TAMP_IRQHandler
                0x080046a0                USART3_4_IRQHandler
                0x080046a0                TIM17_IRQHandler
                0x080046a0                TIM16_IRQHandler
                0x080046a0                TIM3_IRQHandler
                0x080046a0                Default_Handler
                0x080046a0                TIM15_IRQHandler
                0x080046a0                SPI2_IRQHandler
                0x080046a0                WWDG_IRQHandler
                0x080046a0                USART2_IRQHandler
                0x080046a0                TIM1_BRK_UP_TRG_COM_IRQHandler
 *fill*         0x080046a2        0x2 
 .text.HAL_Init
                0x080046a4       0x28 CMakeFiles/SLK-FreeRTOS.elf.dir/Drivers/STM32G0xx_HAL_Driver/Src/stm32g0xx_hal.c.obj
                0x080046a4                HAL_Init
 .text.HAL_IncTick
                0x080046cc       0x18 CMakeFiles/SLK-FreeRTOS.elf.dir/Drivers/STM32G0xx_HAL_Driver/Src/stm32g0xx_hal.c.obj
                0x080046cc                HAL_IncTick
 .text.HAL_GetTick
                0x080046e4        0xc CMakeFiles/SLK-FreeRTOS.elf.dir/Drivers/STM32G0xx_HAL_Driver/Src/stm32g0xx_hal.c.obj
                0x080046e4                HAL_GetTick
 .text.HAL_SYSCFG_StrobeDBattpinsConfig
                0x080046f0       0x18 CMakeFiles/SLK-FreeRTOS.elf.dir/Drivers/STM32G0xx_HAL_Driver/Src/stm32g0xx_hal.c.obj
                0x080046f0                HAL_SYSCFG_StrobeDBattpinsConfig
 .text.HAL_ADC_Init
                0x08004708      0x244 CMakeFiles/SLK-FreeRTOS.elf.dir/Drivers/STM32G0xx_HAL_Driver/Src/stm32g0xx_hal_adc.c.obj
                0x08004708                HAL_ADC_Init
 .text.HAL_ADC_ConvCpltCallback
                0x0800494c        0x2 CMakeFiles/SLK-FreeRTOS.elf.dir/Drivers/STM32G0xx_HAL_Driver/Src/stm32g0xx_hal_adc.c.obj
                0x0800494c                HAL_ADC_ConvCpltCallback
 .text.HAL_ADC_LevelOutOfWindowCallback
                0x0800494e        0x2 CMakeFiles/SLK-FreeRTOS.elf.dir/Drivers/STM32G0xx_HAL_Driver/Src/stm32g0xx_hal_adc.c.obj
                0x0800494e                HAL_ADC_LevelOutOfWindowCallback
 .text.HAL_ADC_ErrorCallback
                0x08004950        0x2 CMakeFiles/SLK-FreeRTOS.elf.dir/Drivers/STM32G0xx_HAL_Driver/Src/stm32g0xx_hal_adc.c.obj
                0x08004950                HAL_ADC_ErrorCallback
 *fill*         0x08004952        0x2 
 .text.HAL_ADC_IRQHandler
                0x08004954      0x158 CMakeFiles/SLK-FreeRTOS.elf.dir/Drivers/STM32G0xx_HAL_Driver/Src/stm32g0xx_hal_adc.c.obj
                0x08004954                HAL_ADC_IRQHandler
 .text.HAL_ADC_ConfigChannel
                0x08004aac      0x2a0 CMakeFiles/SLK-FreeRTOS.elf.dir/Drivers/STM32G0xx_HAL_Driver/Src/stm32g0xx_hal_adc.c.obj
                0x08004aac                HAL_ADC_ConfigChannel
 .text.HAL_ADCEx_LevelOutOfWindow2Callback
                0x08004d4c        0x2 CMakeFiles/SLK-FreeRTOS.elf.dir/Drivers/STM32G0xx_HAL_Driver/Src/stm32g0xx_hal_adc_ex.c.obj
                0x08004d4c                HAL_ADCEx_LevelOutOfWindow2Callback
 .text.HAL_ADCEx_LevelOutOfWindow3Callback
                0x08004d4e        0x2 CMakeFiles/SLK-FreeRTOS.elf.dir/Drivers/STM32G0xx_HAL_Driver/Src/stm32g0xx_hal_adc_ex.c.obj
                0x08004d4e                HAL_ADCEx_LevelOutOfWindow3Callback
 .text.HAL_ADCEx_EndOfSamplingCallback
                0x08004d50        0x2 CMakeFiles/SLK-FreeRTOS.elf.dir/Drivers/STM32G0xx_HAL_Driver/Src/stm32g0xx_hal_adc_ex.c.obj
                0x08004d50                HAL_ADCEx_EndOfSamplingCallback
 .text.HAL_ADCEx_ChannelConfigReadyCallback
                0x08004d52        0x2 CMakeFiles/SLK-FreeRTOS.elf.dir/Drivers/STM32G0xx_HAL_Driver/Src/stm32g0xx_hal_adc_ex.c.obj
                0x08004d52                HAL_ADCEx_ChannelConfigReadyCallback
 .text.HAL_NVIC_SetPriority
                0x08004d54       0x60 CMakeFiles/SLK-FreeRTOS.elf.dir/Drivers/STM32G0xx_HAL_Driver/Src/stm32g0xx_hal_cortex.c.obj
                0x08004d54                HAL_NVIC_SetPriority
 .text.HAL_NVIC_EnableIRQ
                0x08004db4       0x18 CMakeFiles/SLK-FreeRTOS.elf.dir/Drivers/STM32G0xx_HAL_Driver/Src/stm32g0xx_hal_cortex.c.obj
                0x08004db4                HAL_NVIC_EnableIRQ
 .text.DMA_SetConfig
                0x08004dcc       0x48 CMakeFiles/SLK-FreeRTOS.elf.dir/Drivers/STM32G0xx_HAL_Driver/Src/stm32g0xx_hal_dma.c.obj
 .text.DMA_CalcDMAMUXChannelBaseAndMask
                0x08004e14       0x38 CMakeFiles/SLK-FreeRTOS.elf.dir/Drivers/STM32G0xx_HAL_Driver/Src/stm32g0xx_hal_dma.c.obj
 .text.DMA_CalcDMAMUXRequestGenBaseAndMask
                0x08004e4c       0x28 CMakeFiles/SLK-FreeRTOS.elf.dir/Drivers/STM32G0xx_HAL_Driver/Src/stm32g0xx_hal_dma.c.obj
 .text.HAL_DMA_Init
                0x08004e74       0xb0 CMakeFiles/SLK-FreeRTOS.elf.dir/Drivers/STM32G0xx_HAL_Driver/Src/stm32g0xx_hal_dma.c.obj
                0x08004e74                HAL_DMA_Init
 .text.HAL_DMA_Start_IT
                0x08004f24       0x9c CMakeFiles/SLK-FreeRTOS.elf.dir/Drivers/STM32G0xx_HAL_Driver/Src/stm32g0xx_hal_dma.c.obj
                0x08004f24                HAL_DMA_Start_IT
 .text.HAL_DMA_Abort
                0x08004fc0       0x80 CMakeFiles/SLK-FreeRTOS.elf.dir/Drivers/STM32G0xx_HAL_Driver/Src/stm32g0xx_hal_dma.c.obj
                0x08004fc0                HAL_DMA_Abort
 .text.HAL_DMA_Abort_IT
                0x08005040       0x80 CMakeFiles/SLK-FreeRTOS.elf.dir/Drivers/STM32G0xx_HAL_Driver/Src/stm32g0xx_hal_dma.c.obj
                0x08005040                HAL_DMA_Abort_IT
 .text.HAL_DMA_IRQHandler
                0x080050c0       0xcc CMakeFiles/SLK-FreeRTOS.elf.dir/Drivers/STM32G0xx_HAL_Driver/Src/stm32g0xx_hal_dma.c.obj
                0x080050c0                HAL_DMA_IRQHandler
 .text.HAL_DMA_GetState
                0x0800518c        0x8 CMakeFiles/SLK-FreeRTOS.elf.dir/Drivers/STM32G0xx_HAL_Driver/Src/stm32g0xx_hal_dma.c.obj
                0x0800518c                HAL_DMA_GetState
 .text.HAL_FLASH_EndOfOperationCallback
                0x08005194        0x2 CMakeFiles/SLK-FreeRTOS.elf.dir/Drivers/STM32G0xx_HAL_Driver/Src/stm32g0xx_hal_flash.c.obj
                0x08005194                HAL_FLASH_EndOfOperationCallback
 .text.HAL_FLASH_OperationErrorCallback
                0x08005196        0x2 CMakeFiles/SLK-FreeRTOS.elf.dir/Drivers/STM32G0xx_HAL_Driver/Src/stm32g0xx_hal_flash.c.obj
                0x08005196                HAL_FLASH_OperationErrorCallback
 .text.HAL_FLASH_IRQHandler
                0x08005198       0xc4 CMakeFiles/SLK-FreeRTOS.elf.dir/Drivers/STM32G0xx_HAL_Driver/Src/stm32g0xx_hal_flash.c.obj
                0x08005198                HAL_FLASH_IRQHandler
 .text.FLASH_PageErase
                0x0800525c       0x20 CMakeFiles/SLK-FreeRTOS.elf.dir/Drivers/STM32G0xx_HAL_Driver/Src/stm32g0xx_hal_flash_ex.c.obj
                0x0800525c                FLASH_PageErase
 .text.HAL_GPIO_Init
                0x0800527c      0x178 CMakeFiles/SLK-FreeRTOS.elf.dir/Drivers/STM32G0xx_HAL_Driver/Src/stm32g0xx_hal_gpio.c.obj
                0x0800527c                HAL_GPIO_Init
 .text.HAL_GPIO_ReadPin
                0x080053f4        0xe CMakeFiles/SLK-FreeRTOS.elf.dir/Drivers/STM32G0xx_HAL_Driver/Src/stm32g0xx_hal_gpio.c.obj
                0x080053f4                HAL_GPIO_ReadPin
 .text.HAL_GPIO_WritePin
                0x08005402        0xc CMakeFiles/SLK-FreeRTOS.elf.dir/Drivers/STM32G0xx_HAL_Driver/Src/stm32g0xx_hal_gpio.c.obj
                0x08005402                HAL_GPIO_WritePin
 .text.HAL_GPIO_TogglePin
                0x0800540e       0x10 CMakeFiles/SLK-FreeRTOS.elf.dir/Drivers/STM32G0xx_HAL_Driver/Src/stm32g0xx_hal_gpio.c.obj
                0x0800540e                HAL_GPIO_TogglePin
 .text.HAL_GPIO_EXTI_Rising_Callback
                0x0800541e        0x2 CMakeFiles/SLK-FreeRTOS.elf.dir/Drivers/STM32G0xx_HAL_Driver/Src/stm32g0xx_hal_gpio.c.obj
                0x0800541e                HAL_GPIO_EXTI_Rising_Callback
 .text.HAL_GPIO_EXTI_IRQHandler
                0x08005420       0x30 CMakeFiles/SLK-FreeRTOS.elf.dir/Drivers/STM32G0xx_HAL_Driver/Src/stm32g0xx_hal_gpio.c.obj
                0x08005420                HAL_GPIO_EXTI_IRQHandler
 .text.I2C_Flush_TXDR
                0x08005450       0x1e CMakeFiles/SLK-FreeRTOS.elf.dir/Drivers/STM32G0xx_HAL_Driver/Src/stm32g0xx_hal_i2c.c.obj
 *fill*         0x0800546e        0x2 
 .text.I2C_TransferConfig
                0x08005470       0x30 CMakeFiles/SLK-FreeRTOS.elf.dir/Drivers/STM32G0xx_HAL_Driver/Src/stm32g0xx_hal_i2c.c.obj
 .text.I2C_Enable_IRQ
                0x080054a0       0x7c CMakeFiles/SLK-FreeRTOS.elf.dir/Drivers/STM32G0xx_HAL_Driver/Src/stm32g0xx_hal_i2c.c.obj
 .text.I2C_Disable_IRQ
                0x0800551c       0x6c CMakeFiles/SLK-FreeRTOS.elf.dir/Drivers/STM32G0xx_HAL_Driver/Src/stm32g0xx_hal_i2c.c.obj
 .text.HAL_I2C_Init
                0x08005588       0xcc CMakeFiles/SLK-FreeRTOS.elf.dir/Drivers/STM32G0xx_HAL_Driver/Src/stm32g0xx_hal_i2c.c.obj
                0x08005588                HAL_I2C_Init
 .text.HAL_I2C_Mem_Write_DMA
                0x08005654      0x158 CMakeFiles/SLK-FreeRTOS.elf.dir/Drivers/STM32G0xx_HAL_Driver/Src/stm32g0xx_hal_i2c.c.obj
                0x08005654                HAL_I2C_Mem_Write_DMA
 .text.HAL_I2C_Mem_Read_DMA
                0x080057ac      0x158 CMakeFiles/SLK-FreeRTOS.elf.dir/Drivers/STM32G0xx_HAL_Driver/Src/stm32g0xx_hal_i2c.c.obj
                0x080057ac                HAL_I2C_Mem_Read_DMA
 .text.HAL_I2C_EV_IRQHandler
                0x08005904       0x12 CMakeFiles/SLK-FreeRTOS.elf.dir/Drivers/STM32G0xx_HAL_Driver/Src/stm32g0xx_hal_i2c.c.obj
                0x08005904                HAL_I2C_EV_IRQHandler
 .text.HAL_I2C_MasterTxCpltCallback
                0x08005916        0x2 CMakeFiles/SLK-FreeRTOS.elf.dir/Drivers/STM32G0xx_HAL_Driver/Src/stm32g0xx_hal_i2c.c.obj
                0x08005916                HAL_I2C_MasterTxCpltCallback
 .text.HAL_I2C_MasterRxCpltCallback
                0x08005918        0x2 CMakeFiles/SLK-FreeRTOS.elf.dir/Drivers/STM32G0xx_HAL_Driver/Src/stm32g0xx_hal_i2c.c.obj
                0x08005918                HAL_I2C_MasterRxCpltCallback
 .text.I2C_ITMasterSeqCplt
                0x0800591a       0x52 CMakeFiles/SLK-FreeRTOS.elf.dir/Drivers/STM32G0xx_HAL_Driver/Src/stm32g0xx_hal_i2c.c.obj
 .text.HAL_I2C_SlaveTxCpltCallback
                0x0800596c        0x2 CMakeFiles/SLK-FreeRTOS.elf.dir/Drivers/STM32G0xx_HAL_Driver/Src/stm32g0xx_hal_i2c.c.obj
                0x0800596c                HAL_I2C_SlaveTxCpltCallback
 .text.HAL_I2C_SlaveRxCpltCallback
                0x0800596e        0x2 CMakeFiles/SLK-FreeRTOS.elf.dir/Drivers/STM32G0xx_HAL_Driver/Src/stm32g0xx_hal_i2c.c.obj
                0x0800596e                HAL_I2C_SlaveRxCpltCallback
 .text.I2C_ITSlaveSeqCplt
                0x08005970       0x84 CMakeFiles/SLK-FreeRTOS.elf.dir/Drivers/STM32G0xx_HAL_Driver/Src/stm32g0xx_hal_i2c.c.obj
 .text.HAL_I2C_AddrCallback
                0x080059f4        0x2 CMakeFiles/SLK-FreeRTOS.elf.dir/Drivers/STM32G0xx_HAL_Driver/Src/stm32g0xx_hal_i2c.c.obj
                0x080059f4                HAL_I2C_AddrCallback
 .text.I2C_ITAddrCplt
                0x080059f6       0xa4 CMakeFiles/SLK-FreeRTOS.elf.dir/Drivers/STM32G0xx_HAL_Driver/Src/stm32g0xx_hal_i2c.c.obj
 .text.HAL_I2C_ListenCpltCallback
                0x08005a9a        0x2 CMakeFiles/SLK-FreeRTOS.elf.dir/Drivers/STM32G0xx_HAL_Driver/Src/stm32g0xx_hal_i2c.c.obj
                0x08005a9a                HAL_I2C_ListenCpltCallback
 .text.I2C_ITListenCplt
                0x08005a9c       0x68 CMakeFiles/SLK-FreeRTOS.elf.dir/Drivers/STM32G0xx_HAL_Driver/Src/stm32g0xx_hal_i2c.c.obj
 .text.HAL_I2C_MemTxCpltCallback
                0x08005b04        0x2 CMakeFiles/SLK-FreeRTOS.elf.dir/Drivers/STM32G0xx_HAL_Driver/Src/stm32g0xx_hal_i2c.c.obj
                0x08005b04                HAL_I2C_MemTxCpltCallback
 .text.HAL_I2C_MemRxCpltCallback
                0x08005b06        0x2 CMakeFiles/SLK-FreeRTOS.elf.dir/Drivers/STM32G0xx_HAL_Driver/Src/stm32g0xx_hal_i2c.c.obj
                0x08005b06                HAL_I2C_MemRxCpltCallback
 .text.HAL_I2C_ErrorCallback
                0x08005b08        0x2 CMakeFiles/SLK-FreeRTOS.elf.dir/Drivers/STM32G0xx_HAL_Driver/Src/stm32g0xx_hal_i2c.c.obj
                0x08005b08                HAL_I2C_ErrorCallback
 .text.HAL_I2C_AbortCpltCallback
                0x08005b0a        0x2 CMakeFiles/SLK-FreeRTOS.elf.dir/Drivers/STM32G0xx_HAL_Driver/Src/stm32g0xx_hal_i2c.c.obj
                0x08005b0a                HAL_I2C_AbortCpltCallback
 .text.I2C_TreatErrorCallback
                0x08005b0c       0x2c CMakeFiles/SLK-FreeRTOS.elf.dir/Drivers/STM32G0xx_HAL_Driver/Src/stm32g0xx_hal_i2c.c.obj
 .text.I2C_ITError
                0x08005b38      0x110 CMakeFiles/SLK-FreeRTOS.elf.dir/Drivers/STM32G0xx_HAL_Driver/Src/stm32g0xx_hal_i2c.c.obj
 .text.I2C_ITSlaveCplt
                0x08005c48      0x168 CMakeFiles/SLK-FreeRTOS.elf.dir/Drivers/STM32G0xx_HAL_Driver/Src/stm32g0xx_hal_i2c.c.obj
 .text.I2C_Slave_ISR_IT
                0x08005db0      0x14c CMakeFiles/SLK-FreeRTOS.elf.dir/Drivers/STM32G0xx_HAL_Driver/Src/stm32g0xx_hal_i2c.c.obj
 .text.I2C_ITMasterCplt
                0x08005efc      0x118 CMakeFiles/SLK-FreeRTOS.elf.dir/Drivers/STM32G0xx_HAL_Driver/Src/stm32g0xx_hal_i2c.c.obj
 .text.I2C_Slave_ISR_DMA
                0x08006014      0x12c CMakeFiles/SLK-FreeRTOS.elf.dir/Drivers/STM32G0xx_HAL_Driver/Src/stm32g0xx_hal_i2c.c.obj
 .text.I2C_Master_ISR_DMA
                0x08006140      0x13c CMakeFiles/SLK-FreeRTOS.elf.dir/Drivers/STM32G0xx_HAL_Driver/Src/stm32g0xx_hal_i2c.c.obj
 .text.I2C_DMAError
                0x0800627c       0x18 CMakeFiles/SLK-FreeRTOS.elf.dir/Drivers/STM32G0xx_HAL_Driver/Src/stm32g0xx_hal_i2c.c.obj
 .text.I2C_DMAMasterTransmitCplt
                0x08006294       0x64 CMakeFiles/SLK-FreeRTOS.elf.dir/Drivers/STM32G0xx_HAL_Driver/Src/stm32g0xx_hal_i2c.c.obj
 .text.I2C_DMAMasterReceiveCplt
                0x080062f8       0x64 CMakeFiles/SLK-FreeRTOS.elf.dir/Drivers/STM32G0xx_HAL_Driver/Src/stm32g0xx_hal_i2c.c.obj
 .text.I2C_Mem_ISR_DMA
                0x0800635c      0x18c CMakeFiles/SLK-FreeRTOS.elf.dir/Drivers/STM32G0xx_HAL_Driver/Src/stm32g0xx_hal_i2c.c.obj
 .text.HAL_I2C_ER_IRQHandler
                0x080064e8       0x5e CMakeFiles/SLK-FreeRTOS.elf.dir/Drivers/STM32G0xx_HAL_Driver/Src/stm32g0xx_hal_i2c.c.obj
                0x080064e8                HAL_I2C_ER_IRQHandler
 .text.I2C_DMAAbort
                0x08006546       0x1e CMakeFiles/SLK-FreeRTOS.elf.dir/Drivers/STM32G0xx_HAL_Driver/Src/stm32g0xx_hal_i2c.c.obj
 .text.HAL_I2CEx_ConfigAnalogFilter
                0x08006564       0x58 CMakeFiles/SLK-FreeRTOS.elf.dir/Drivers/STM32G0xx_HAL_Driver/Src/stm32g0xx_hal_i2c_ex.c.obj
                0x08006564                HAL_I2CEx_ConfigAnalogFilter
 .text.HAL_I2CEx_ConfigDigitalFilter
                0x080065bc       0x54 CMakeFiles/SLK-FreeRTOS.elf.dir/Drivers/STM32G0xx_HAL_Driver/Src/stm32g0xx_hal_i2c_ex.c.obj
                0x080065bc                HAL_I2CEx_ConfigDigitalFilter
 .text.HAL_PWREx_ControlVoltageScaling
                0x08006610       0x54 CMakeFiles/SLK-FreeRTOS.elf.dir/Drivers/STM32G0xx_HAL_Driver/Src/stm32g0xx_hal_pwr_ex.c.obj
                0x08006610                HAL_PWREx_ControlVoltageScaling
 .text.HAL_RCC_OscConfig
                0x08006664      0x4a4 CMakeFiles/SLK-FreeRTOS.elf.dir/Drivers/STM32G0xx_HAL_Driver/Src/stm32g0xx_hal_rcc.c.obj
                0x08006664                HAL_RCC_OscConfig
 .text.HAL_RCC_GetSysClockFreq
                0x08006b08       0xb4 CMakeFiles/SLK-FreeRTOS.elf.dir/Drivers/STM32G0xx_HAL_Driver/Src/stm32g0xx_hal_rcc.c.obj
                0x08006b08                HAL_RCC_GetSysClockFreq
 .text.HAL_RCC_ClockConfig
                0x08006bbc      0x18c CMakeFiles/SLK-FreeRTOS.elf.dir/Drivers/STM32G0xx_HAL_Driver/Src/stm32g0xx_hal_rcc.c.obj
                0x08006bbc                HAL_RCC_ClockConfig
 .text.HAL_RCC_GetHCLKFreq
                0x08006d48        0xc CMakeFiles/SLK-FreeRTOS.elf.dir/Drivers/STM32G0xx_HAL_Driver/Src/stm32g0xx_hal_rcc.c.obj
                0x08006d48                HAL_RCC_GetHCLKFreq
 .text.HAL_RCC_GetPCLK1Freq
                0x08006d54       0x28 CMakeFiles/SLK-FreeRTOS.elf.dir/Drivers/STM32G0xx_HAL_Driver/Src/stm32g0xx_hal_rcc.c.obj
                0x08006d54                HAL_RCC_GetPCLK1Freq
 .text.HAL_RCC_GetClockConfig
                0x08006d7c       0x34 CMakeFiles/SLK-FreeRTOS.elf.dir/Drivers/STM32G0xx_HAL_Driver/Src/stm32g0xx_hal_rcc.c.obj
                0x08006d7c                HAL_RCC_GetClockConfig
 .text.HAL_RCCEx_PeriphCLKConfig
                0x08006db0      0x190 CMakeFiles/SLK-FreeRTOS.elf.dir/Drivers/STM32G0xx_HAL_Driver/Src/stm32g0xx_hal_rcc_ex.c.obj
                0x08006db0                HAL_RCCEx_PeriphCLKConfig
 .text.SPI_WaitFlagStateUntilTimeout
                0x08006f40       0xe8 CMakeFiles/SLK-FreeRTOS.elf.dir/Drivers/STM32G0xx_HAL_Driver/Src/stm32g0xx_hal_spi.c.obj
 .text.SPI_WaitFifoStateUntilTimeout
                0x08007028      0x114 CMakeFiles/SLK-FreeRTOS.elf.dir/Drivers/STM32G0xx_HAL_Driver/Src/stm32g0xx_hal_spi.c.obj
 .text.SPI_EndRxTxTransaction
                0x0800713c       0x68 CMakeFiles/SLK-FreeRTOS.elf.dir/Drivers/STM32G0xx_HAL_Driver/Src/stm32g0xx_hal_spi.c.obj
 .text.SPI_EndRxTransaction
                0x080071a4       0x90 CMakeFiles/SLK-FreeRTOS.elf.dir/Drivers/STM32G0xx_HAL_Driver/Src/stm32g0xx_hal_spi.c.obj
 .text.HAL_SPI_Init
                0x08007234      0x104 CMakeFiles/SLK-FreeRTOS.elf.dir/Drivers/STM32G0xx_HAL_Driver/Src/stm32g0xx_hal_spi.c.obj
                0x08007234                HAL_SPI_Init
 .text.HAL_SPI_Transmit
                0x08007338      0x1b2 CMakeFiles/SLK-FreeRTOS.elf.dir/Drivers/STM32G0xx_HAL_Driver/Src/stm32g0xx_hal_spi.c.obj
                0x08007338                HAL_SPI_Transmit
 *fill*         0x080074ea        0x2 
 .text.HAL_SPI_TransmitReceive
                0x080074ec      0x250 CMakeFiles/SLK-FreeRTOS.elf.dir/Drivers/STM32G0xx_HAL_Driver/Src/stm32g0xx_hal_spi.c.obj
                0x080074ec                HAL_SPI_TransmitReceive
 .text.HAL_SPI_Receive
                0x0800773c      0x1ac CMakeFiles/SLK-FreeRTOS.elf.dir/Drivers/STM32G0xx_HAL_Driver/Src/stm32g0xx_hal_spi.c.obj
                0x0800773c                HAL_SPI_Receive
 .text.HAL_SPI_ErrorCallback
                0x080078e8        0x2 CMakeFiles/SLK-FreeRTOS.elf.dir/Drivers/STM32G0xx_HAL_Driver/Src/stm32g0xx_hal_spi.c.obj
                0x080078e8                HAL_SPI_ErrorCallback
 *fill*         0x080078ea        0x2 
 .text.HAL_SPI_IRQHandler
                0x080078ec      0x124 CMakeFiles/SLK-FreeRTOS.elf.dir/Drivers/STM32G0xx_HAL_Driver/Src/stm32g0xx_hal_spi.c.obj
                0x080078ec                HAL_SPI_IRQHandler
 .text.SPI_DMAAbortOnError
                0x08007a10       0x12 CMakeFiles/SLK-FreeRTOS.elf.dir/Drivers/STM32G0xx_HAL_Driver/Src/stm32g0xx_hal_spi.c.obj
 *fill*         0x08007a22        0x2 
 .text.TIM_OC1_SetConfig
                0x08007a24       0x8c CMakeFiles/SLK-FreeRTOS.elf.dir/Drivers/STM32G0xx_HAL_Driver/Src/stm32g0xx_hal_tim.c.obj
 .text.TIM_OC3_SetConfig
                0x08007ab0       0x94 CMakeFiles/SLK-FreeRTOS.elf.dir/Drivers/STM32G0xx_HAL_Driver/Src/stm32g0xx_hal_tim.c.obj
 .text.TIM_OC4_SetConfig
                0x08007b44       0x74 CMakeFiles/SLK-FreeRTOS.elf.dir/Drivers/STM32G0xx_HAL_Driver/Src/stm32g0xx_hal_tim.c.obj
 .text.TIM_OC5_SetConfig
                0x08007bb8       0x6c CMakeFiles/SLK-FreeRTOS.elf.dir/Drivers/STM32G0xx_HAL_Driver/Src/stm32g0xx_hal_tim.c.obj
 .text.TIM_OC6_SetConfig
                0x08007c24       0x74 CMakeFiles/SLK-FreeRTOS.elf.dir/Drivers/STM32G0xx_HAL_Driver/Src/stm32g0xx_hal_tim.c.obj
 .text.HAL_TIM_Base_Start_IT
                0x08007c98       0x70 CMakeFiles/SLK-FreeRTOS.elf.dir/Drivers/STM32G0xx_HAL_Driver/Src/stm32g0xx_hal_tim.c.obj
                0x08007c98                HAL_TIM_Base_Start_IT
 .text.HAL_TIM_Base_Stop_IT
                0x08007d08       0x38 CMakeFiles/SLK-FreeRTOS.elf.dir/Drivers/STM32G0xx_HAL_Driver/Src/stm32g0xx_hal_tim.c.obj
                0x08007d08                HAL_TIM_Base_Stop_IT
 .text.HAL_TIM_PWM_MspInit
                0x08007d40        0x2 CMakeFiles/SLK-FreeRTOS.elf.dir/Drivers/STM32G0xx_HAL_Driver/Src/stm32g0xx_hal_tim.c.obj
                0x08007d40                HAL_TIM_PWM_MspInit
 .text.HAL_TIM_OC_DelayElapsedCallback
                0x08007d42        0x2 CMakeFiles/SLK-FreeRTOS.elf.dir/Drivers/STM32G0xx_HAL_Driver/Src/stm32g0xx_hal_tim.c.obj
                0x08007d42                HAL_TIM_OC_DelayElapsedCallback
 .text.HAL_TIM_IC_CaptureCallback
                0x08007d44        0x2 CMakeFiles/SLK-FreeRTOS.elf.dir/Drivers/STM32G0xx_HAL_Driver/Src/stm32g0xx_hal_tim.c.obj
                0x08007d44                HAL_TIM_IC_CaptureCallback
 .text.HAL_TIM_PWM_PulseFinishedCallback
                0x08007d46        0x2 CMakeFiles/SLK-FreeRTOS.elf.dir/Drivers/STM32G0xx_HAL_Driver/Src/stm32g0xx_hal_tim.c.obj
                0x08007d46                HAL_TIM_PWM_PulseFinishedCallback
 .text.TIM_DMADelayPulseCplt
                0x08007d48       0x70 CMakeFiles/SLK-FreeRTOS.elf.dir/Drivers/STM32G0xx_HAL_Driver/Src/stm32g0xx_hal_tim.c.obj
 .text.HAL_TIM_PWM_PulseFinishedHalfCpltCallback
                0x08007db8        0x2 CMakeFiles/SLK-FreeRTOS.elf.dir/Drivers/STM32G0xx_HAL_Driver/Src/stm32g0xx_hal_tim.c.obj
                0x08007db8                HAL_TIM_PWM_PulseFinishedHalfCpltCallback
 .text.TIM_DMADelayPulseHalfCplt
                0x08007dba       0x3e CMakeFiles/SLK-FreeRTOS.elf.dir/Drivers/STM32G0xx_HAL_Driver/Src/stm32g0xx_hal_tim.c.obj
                0x08007dba                TIM_DMADelayPulseHalfCplt
 .text.HAL_TIM_TriggerCallback
                0x08007df8        0x2 CMakeFiles/SLK-FreeRTOS.elf.dir/Drivers/STM32G0xx_HAL_Driver/Src/stm32g0xx_hal_tim.c.obj
                0x08007df8                HAL_TIM_TriggerCallback
 *fill*         0x08007dfa        0x2 
 .text.HAL_TIM_IRQHandler
                0x08007dfc      0x178 CMakeFiles/SLK-FreeRTOS.elf.dir/Drivers/STM32G0xx_HAL_Driver/Src/stm32g0xx_hal_tim.c.obj
                0x08007dfc                HAL_TIM_IRQHandler
 .text.HAL_TIM_ErrorCallback
                0x08007f74        0x2 CMakeFiles/SLK-FreeRTOS.elf.dir/Drivers/STM32G0xx_HAL_Driver/Src/stm32g0xx_hal_tim.c.obj
                0x08007f74                HAL_TIM_ErrorCallback
 .text.TIM_DMAError
                0x08007f76       0x5c CMakeFiles/SLK-FreeRTOS.elf.dir/Drivers/STM32G0xx_HAL_Driver/Src/stm32g0xx_hal_tim.c.obj
                0x08007f76                TIM_DMAError
 *fill*         0x08007fd2        0x2 
 .text.TIM_Base_SetConfig
                0x08007fd4       0x94 CMakeFiles/SLK-FreeRTOS.elf.dir/Drivers/STM32G0xx_HAL_Driver/Src/stm32g0xx_hal_tim.c.obj
                0x08007fd4                TIM_Base_SetConfig
 .text.HAL_TIM_Base_Init
                0x08008068       0x60 CMakeFiles/SLK-FreeRTOS.elf.dir/Drivers/STM32G0xx_HAL_Driver/Src/stm32g0xx_hal_tim.c.obj
                0x08008068                HAL_TIM_Base_Init
 .text.HAL_TIM_PWM_Init
                0x080080c8       0x60 CMakeFiles/SLK-FreeRTOS.elf.dir/Drivers/STM32G0xx_HAL_Driver/Src/stm32g0xx_hal_tim.c.obj
                0x080080c8                HAL_TIM_PWM_Init
 .text.TIM_OC2_SetConfig
                0x08008128       0x88 CMakeFiles/SLK-FreeRTOS.elf.dir/Drivers/STM32G0xx_HAL_Driver/Src/stm32g0xx_hal_tim.c.obj
                0x08008128                TIM_OC2_SetConfig
 .text.HAL_TIM_PWM_ConfigChannel
                0x080081b0      0x144 CMakeFiles/SLK-FreeRTOS.elf.dir/Drivers/STM32G0xx_HAL_Driver/Src/stm32g0xx_hal_tim.c.obj
                0x080081b0                HAL_TIM_PWM_ConfigChannel
 .text.TIM_CCxChannelCmd
                0x080082f4       0x1a CMakeFiles/SLK-FreeRTOS.elf.dir/Drivers/STM32G0xx_HAL_Driver/Src/stm32g0xx_hal_tim.c.obj
                0x080082f4                TIM_CCxChannelCmd
 *fill*         0x0800830e        0x2 
 .text.HAL_TIM_PWM_Start
                0x08008310      0x13c CMakeFiles/SLK-FreeRTOS.elf.dir/Drivers/STM32G0xx_HAL_Driver/Src/stm32g0xx_hal_tim.c.obj
                0x08008310                HAL_TIM_PWM_Start
 .text.HAL_TIM_PWM_Stop
                0x0800844c       0xc0 CMakeFiles/SLK-FreeRTOS.elf.dir/Drivers/STM32G0xx_HAL_Driver/Src/stm32g0xx_hal_tim.c.obj
                0x0800844c                HAL_TIM_PWM_Stop
 .text.HAL_TIM_PWM_Start_DMA
                0x0800850c      0x2c0 CMakeFiles/SLK-FreeRTOS.elf.dir/Drivers/STM32G0xx_HAL_Driver/Src/stm32g0xx_hal_tim.c.obj
                0x0800850c                HAL_TIM_PWM_Start_DMA
 .text.HAL_TIMEx_MasterConfigSynchronization
                0x080087cc       0x78 CMakeFiles/SLK-FreeRTOS.elf.dir/Drivers/STM32G0xx_HAL_Driver/Src/stm32g0xx_hal_tim_ex.c.obj
                0x080087cc                HAL_TIMEx_MasterConfigSynchronization
 .text.HAL_TIMEx_ConfigBreakDeadTime
                0x08008844       0xcc CMakeFiles/SLK-FreeRTOS.elf.dir/Drivers/STM32G0xx_HAL_Driver/Src/stm32g0xx_hal_tim_ex.c.obj
                0x08008844                HAL_TIMEx_ConfigBreakDeadTime
 .text.HAL_TIMEx_CommutCallback
                0x08008910        0x2 CMakeFiles/SLK-FreeRTOS.elf.dir/Drivers/STM32G0xx_HAL_Driver/Src/stm32g0xx_hal_tim_ex.c.obj
                0x08008910                HAL_TIMEx_CommutCallback
 .text.HAL_TIMEx_BreakCallback
                0x08008912        0x2 CMakeFiles/SLK-FreeRTOS.elf.dir/Drivers/STM32G0xx_HAL_Driver/Src/stm32g0xx_hal_tim_ex.c.obj
                0x08008912                HAL_TIMEx_BreakCallback
 .text.HAL_TIMEx_Break2Callback
                0x08008914        0x2 CMakeFiles/SLK-FreeRTOS.elf.dir/Drivers/STM32G0xx_HAL_Driver/Src/stm32g0xx_hal_tim_ex.c.obj
                0x08008914                HAL_TIMEx_Break2Callback
 *fill*         0x08008916        0x2 
 .text.UART_EndTxTransfer
                0x08008918       0x3c CMakeFiles/SLK-FreeRTOS.elf.dir/Drivers/STM32G0xx_HAL_Driver/Src/stm32g0xx_hal_uart.c.obj
 .text.UART_EndRxTransfer
                0x08008954       0x64 CMakeFiles/SLK-FreeRTOS.elf.dir/Drivers/STM32G0xx_HAL_Driver/Src/stm32g0xx_hal_uart.c.obj
 .text.HAL_UART_Transmit_DMA
                0x080089b8       0xbc CMakeFiles/SLK-FreeRTOS.elf.dir/Drivers/STM32G0xx_HAL_Driver/Src/stm32g0xx_hal_uart.c.obj
                0x080089b8                HAL_UART_Transmit_DMA
 .text.HAL_UART_TxCpltCallback
                0x08008a74        0x2 CMakeFiles/SLK-FreeRTOS.elf.dir/Drivers/STM32G0xx_HAL_Driver/Src/stm32g0xx_hal_uart.c.obj
                0x08008a74                HAL_UART_TxCpltCallback
 .text.UART_DMATransmitCplt
                0x08008a76       0x4a CMakeFiles/SLK-FreeRTOS.elf.dir/Drivers/STM32G0xx_HAL_Driver/Src/stm32g0xx_hal_uart.c.obj
 .text.UART_EndTransmit_IT
                0x08008ac0       0x2a CMakeFiles/SLK-FreeRTOS.elf.dir/Drivers/STM32G0xx_HAL_Driver/Src/stm32g0xx_hal_uart.c.obj
 .text.HAL_UART_TxHalfCpltCallback
                0x08008aea        0x2 CMakeFiles/SLK-FreeRTOS.elf.dir/Drivers/STM32G0xx_HAL_Driver/Src/stm32g0xx_hal_uart.c.obj
                0x08008aea                HAL_UART_TxHalfCpltCallback
 .text.UART_DMATxHalfCplt
                0x08008aec        0xa CMakeFiles/SLK-FreeRTOS.elf.dir/Drivers/STM32G0xx_HAL_Driver/Src/stm32g0xx_hal_uart.c.obj
 .text.HAL_UART_ErrorCallback
                0x08008af6        0x2 CMakeFiles/SLK-FreeRTOS.elf.dir/Drivers/STM32G0xx_HAL_Driver/Src/stm32g0xx_hal_uart.c.obj
                0x08008af6                HAL_UART_ErrorCallback
 .text.UART_DMAError
                0x08008af8       0x52 CMakeFiles/SLK-FreeRTOS.elf.dir/Drivers/STM32G0xx_HAL_Driver/Src/stm32g0xx_hal_uart.c.obj
 .text.UART_DMAAbortOnError
                0x08008b4a       0x14 CMakeFiles/SLK-FreeRTOS.elf.dir/Drivers/STM32G0xx_HAL_Driver/Src/stm32g0xx_hal_uart.c.obj
 .text.HAL_UARTEx_RxEventCallback
                0x08008b5e        0x2 CMakeFiles/SLK-FreeRTOS.elf.dir/Drivers/STM32G0xx_HAL_Driver/Src/stm32g0xx_hal_uart.c.obj
                0x08008b5e                HAL_UARTEx_RxEventCallback
 .text.HAL_UART_IRQHandler
                0x08008b60      0x320 CMakeFiles/SLK-FreeRTOS.elf.dir/Drivers/STM32G0xx_HAL_Driver/Src/stm32g0xx_hal_uart.c.obj
                0x08008b60                HAL_UART_IRQHandler
 .text.UART_SetConfig
                0x08008e80      0x1f0 CMakeFiles/SLK-FreeRTOS.elf.dir/Drivers/STM32G0xx_HAL_Driver/Src/stm32g0xx_hal_uart.c.obj
                0x08008e80                UART_SetConfig
 .text.UART_AdvFeatureConfig
                0x08009070       0xe0 CMakeFiles/SLK-FreeRTOS.elf.dir/Drivers/STM32G0xx_HAL_Driver/Src/stm32g0xx_hal_uart.c.obj
                0x08009070                UART_AdvFeatureConfig
 .text.UART_WaitOnFlagUntilTimeout
                0x08009150       0xe4 CMakeFiles/SLK-FreeRTOS.elf.dir/Drivers/STM32G0xx_HAL_Driver/Src/stm32g0xx_hal_uart.c.obj
                0x08009150                UART_WaitOnFlagUntilTimeout
 .text.HAL_UART_Transmit
                0x08009234       0xf0 CMakeFiles/SLK-FreeRTOS.elf.dir/Drivers/STM32G0xx_HAL_Driver/Src/stm32g0xx_hal_uart.c.obj
                0x08009234                HAL_UART_Transmit
 .text.UART_CheckIdleState
                0x08009324       0x74 CMakeFiles/SLK-FreeRTOS.elf.dir/Drivers/STM32G0xx_HAL_Driver/Src/stm32g0xx_hal_uart.c.obj
                0x08009324                UART_CheckIdleState
 .text.HAL_UART_Init
                0x08009398       0x70 CMakeFiles/SLK-FreeRTOS.elf.dir/Drivers/STM32G0xx_HAL_Driver/Src/stm32g0xx_hal_uart.c.obj
                0x08009398                HAL_UART_Init
 .text.UARTEx_SetNbDataToProcess
                0x08009408       0x50 CMakeFiles/SLK-FreeRTOS.elf.dir/Drivers/STM32G0xx_HAL_Driver/Src/stm32g0xx_hal_uart_ex.c.obj
 .text.HAL_UARTEx_WakeupCallback
                0x08009458        0x2 CMakeFiles/SLK-FreeRTOS.elf.dir/Drivers/STM32G0xx_HAL_Driver/Src/stm32g0xx_hal_uart_ex.c.obj
                0x08009458                HAL_UARTEx_WakeupCallback
 .text.HAL_UARTEx_RxFifoFullCallback
                0x0800945a        0x2 CMakeFiles/SLK-FreeRTOS.elf.dir/Drivers/STM32G0xx_HAL_Driver/Src/stm32g0xx_hal_uart_ex.c.obj
                0x0800945a                HAL_UARTEx_RxFifoFullCallback
 .text.HAL_UARTEx_TxFifoEmptyCallback
                0x0800945c        0x2 CMakeFiles/SLK-FreeRTOS.elf.dir/Drivers/STM32G0xx_HAL_Driver/Src/stm32g0xx_hal_uart_ex.c.obj
                0x0800945c                HAL_UARTEx_TxFifoEmptyCallback
 *fill*         0x0800945e        0x2 
 .text.HAL_UARTEx_DisableFifoMode
                0x08009460       0x40 CMakeFiles/SLK-FreeRTOS.elf.dir/Drivers/STM32G0xx_HAL_Driver/Src/stm32g0xx_hal_uart_ex.c.obj
                0x08009460                HAL_UARTEx_DisableFifoMode
 .text.HAL_UARTEx_SetTxFifoThreshold
                0x080094a0       0x4a CMakeFiles/SLK-FreeRTOS.elf.dir/Drivers/STM32G0xx_HAL_Driver/Src/stm32g0xx_hal_uart_ex.c.obj
                0x080094a0                HAL_UARTEx_SetTxFifoThreshold
 *fill*         0x080094ea        0x2 
 .text.HAL_UARTEx_SetRxFifoThreshold
                0x080094ec       0x50 CMakeFiles/SLK-FreeRTOS.elf.dir/Drivers/STM32G0xx_HAL_Driver/Src/stm32g0xx_hal_uart_ex.c.obj
                0x080094ec                HAL_UARTEx_SetRxFifoThreshold
 .text.AT24CXX_Init
                0x0800953c        0x8 CMakeFiles/SLK-FreeRTOS.elf.dir/Hardware/Src/24cxx.c.obj
                0x0800953c                AT24CXX_Init
 .text.AT24CXX_ReadOneByte
                0x08009544       0x5e CMakeFiles/SLK-FreeRTOS.elf.dir/Hardware/Src/24cxx.c.obj
                0x08009544                AT24CXX_ReadOneByte
 .text.AT24CXX_WriteOneByte
                0x080095a2       0x58 CMakeFiles/SLK-FreeRTOS.elf.dir/Hardware/Src/24cxx.c.obj
                0x080095a2                AT24CXX_WriteOneByte
 .text.processFilter_force
                0x080095fa       0x62 CMakeFiles/SLK-FreeRTOS.elf.dir/Hardware/Src/Screen.c.obj
                0x080095fa                processFilter_force
 .text.ScreenUpdateTemperature
                0x0800965c       0x74 CMakeFiles/SLK-FreeRTOS.elf.dir/Hardware/Src/Screen.c.obj
                0x0800965c                ScreenUpdateTemperature
 .text.ProcessTemperatureData
                0x080096d0       0x48 CMakeFiles/SLK-FreeRTOS.elf.dir/Hardware/Src/Screen.c.obj
                0x080096d0                ProcessTemperatureData
 .text.ScreenUpdateForce
                0x08009718       0xb0 CMakeFiles/SLK-FreeRTOS.elf.dir/Hardware/Src/Screen.c.obj
                0x08009718                ScreenUpdateForce
 .text.ProcessForceData
                0x080097c8       0x54 CMakeFiles/SLK-FreeRTOS.elf.dir/Hardware/Src/Screen.c.obj
                0x080097c8                ProcessForceData
 .text.ScreenUpdateSOC
                0x0800981c       0x84 CMakeFiles/SLK-FreeRTOS.elf.dir/Hardware/Src/Screen.c.obj
                0x0800981c                ScreenUpdateSOC
 .text.ScreenWorkModeQuit
                0x080098a0       0x4c CMakeFiles/SLK-FreeRTOS.elf.dir/Hardware/Src/Screen.c.obj
                0x080098a0                ScreenWorkModeQuit
 .text.processData
                0x080098ec      0x190 CMakeFiles/SLK-FreeRTOS.elf.dir/Hardware/Src/Screen.c.obj
                0x080098ec                processData
 .text.ScreenTimerStart
                0x08009a7c       0x4c CMakeFiles/SLK-FreeRTOS.elf.dir/Hardware/Src/Screen.c.obj
                0x08009a7c                ScreenTimerStart
 .text.BQ25895_MultiRead
                0x08009ac8       0x28 CMakeFiles/SLK-FreeRTOS.elf.dir/Hardware/Src/bq25895.c.obj
                0x08009ac8                BQ25895_MultiRead
 .text.BQ25895_Write
                0x08009af0       0x30 CMakeFiles/SLK-FreeRTOS.elf.dir/Hardware/Src/bq25895.c.obj
                0x08009af0                BQ25895_Write
 .text.BQ25895_Init
                0x08009b20       0x34 CMakeFiles/SLK-FreeRTOS.elf.dir/Hardware/Src/bq25895.c.obj
                0x08009b20                BQ25895_Init
 .text.PowerStateUpdate
                0x08009b54       0x60 CMakeFiles/SLK-FreeRTOS.elf.dir/Hardware/Src/bq25895.c.obj
                0x08009b54                PowerStateUpdate
 .text.BQ27441_Read
                0x08009bb4       0x28 CMakeFiles/SLK-FreeRTOS.elf.dir/Hardware/Src/bq27441.c.obj
                0x08009bb4                BQ27441_Read
 .text.BQ27441_MultiRead
                0x08009bdc       0xa0 CMakeFiles/SLK-FreeRTOS.elf.dir/Hardware/Src/bq27441.c.obj
                0x08009bdc                BQ27441_MultiRead
 .text.BQ27441_WriteByte
                0x08009c7c       0x30 CMakeFiles/SLK-FreeRTOS.elf.dir/Hardware/Src/bq27441.c.obj
                0x08009c7c                BQ27441_WriteByte
 .text.BQ27441_WriteWord
                0x08009cac       0x34 CMakeFiles/SLK-FreeRTOS.elf.dir/Hardware/Src/bq27441.c.obj
                0x08009cac                BQ27441_WriteWord
 .text.BQ27441_Init
                0x08009ce0      0x2f0 CMakeFiles/SLK-FreeRTOS.elf.dir/Hardware/Src/bq27441.c.obj
                0x08009ce0                BQ27441_Init
 .text.HX711_Read
                0x08009fd0       0x8c CMakeFiles/SLK-FreeRTOS.elf.dir/Hardware/Src/hx711.c.obj
                0x08009fd0                HX711_Read
 .text.HX711_Init
                0x0800a05c       0x10 CMakeFiles/SLK-FreeRTOS.elf.dir/Hardware/Src/hx711.c.obj
                0x0800a05c                HX711_Init
 .text.IIC_Init
                0x0800a06c       0x38 CMakeFiles/SLK-FreeRTOS.elf.dir/Hardware/Src/myiic.c.obj
                0x0800a06c                IIC_Init
 .text.delay_us
                0x0800a0a4       0x14 CMakeFiles/SLK-FreeRTOS.elf.dir/Hardware/Src/myiic.c.obj
                0x0800a0a4                delay_us
 .text.IIC_Start
                0x0800a0b8       0x60 CMakeFiles/SLK-FreeRTOS.elf.dir/Hardware/Src/myiic.c.obj
                0x0800a0b8                IIC_Start
 .text.IIC_Stop
                0x0800a118       0x60 CMakeFiles/SLK-FreeRTOS.elf.dir/Hardware/Src/myiic.c.obj
                0x0800a118                IIC_Stop
 .text.IIC_Wait_Ack
                0x0800a178       0x70 CMakeFiles/SLK-FreeRTOS.elf.dir/Hardware/Src/myiic.c.obj
                0x0800a178                IIC_Wait_Ack
 .text.IIC_Ack  0x0800a1e8       0x5c CMakeFiles/SLK-FreeRTOS.elf.dir/Hardware/Src/myiic.c.obj
                0x0800a1e8                IIC_Ack
 .text.IIC_NAck
                0x0800a244       0x5c CMakeFiles/SLK-FreeRTOS.elf.dir/Hardware/Src/myiic.c.obj
                0x0800a244                IIC_NAck
 .text.IIC_Send_Byte
                0x0800a2a0       0x90 CMakeFiles/SLK-FreeRTOS.elf.dir/Hardware/Src/myiic.c.obj
                0x0800a2a0                IIC_Send_Byte
 .text.IIC_Read_Byte
                0x0800a330       0x88 CMakeFiles/SLK-FreeRTOS.elf.dir/Hardware/Src/myiic.c.obj
                0x0800a330                IIC_Read_Byte
 .text.HeatPIDInit
                0x0800a3b8       0x3c CMakeFiles/SLK-FreeRTOS.elf.dir/Hardware/Src/pid.c.obj
                0x0800a3b8                HeatPIDInit
 .text.PID_realize
                0x0800a3f4       0xb0 CMakeFiles/SLK-FreeRTOS.elf.dir/Hardware/Src/pid.c.obj
                0x0800a3f4                PID_realize
 .text.start_Heat
                0x0800a4a4       0x58 CMakeFiles/SLK-FreeRTOS.elf.dir/Hardware/Src/pid.c.obj
                0x0800a4a4                start_Heat
 .text.TMC5130_Read
                0x0800a4fc       0x68 CMakeFiles/SLK-FreeRTOS.elf.dir/Hardware/Src/tmc5130.c.obj
                0x0800a4fc                TMC5130_Read
 .text.TMC5130_Write
                0x0800a564       0x48 CMakeFiles/SLK-FreeRTOS.elf.dir/Hardware/Src/tmc5130.c.obj
                0x0800a564                TMC5130_Write
 .text.TMC5130_Init
                0x0800a5ac       0xb8 CMakeFiles/SLK-FreeRTOS.elf.dir/Hardware/Src/tmc5130.c.obj
                0x0800a5ac                TMC5130_Init
 .text.MotorCompare
                0x0800a664       0x5c CMakeFiles/SLK-FreeRTOS.elf.dir/Hardware/Src/tmc5130.c.obj
                0x0800a664                MotorCompare
 .text.TMP114_Read
                0x0800a6c0       0x20 CMakeFiles/SLK-FreeRTOS.elf.dir/Hardware/Src/tmp114.c.obj
                0x0800a6c0                TMP114_Read
 .text.TmpRaw2Ture
                0x0800a6e0       0x34 CMakeFiles/SLK-FreeRTOS.elf.dir/Hardware/Src/tmp114.c.obj
                0x0800a6e0                TmpRaw2Ture
 .text.PWM_WS2812B_Init
                0x0800a714       0x90 CMakeFiles/SLK-FreeRTOS.elf.dir/Hardware/Src/ucs1903.c.obj
                0x0800a714                PWM_WS2812B_Init
 .text.PWM_WS2812B_Write_24Bits
                0x0800a7a4       0x44 CMakeFiles/SLK-FreeRTOS.elf.dir/Hardware/Src/ucs1903.c.obj
                0x0800a7a4                PWM_WS2812B_Write_24Bits
 .text.UCS1903Show
                0x0800a7e8       0x1c CMakeFiles/SLK-FreeRTOS.elf.dir/Hardware/Src/ucs1903.c.obj
                0x0800a7e8                UCS1903Show
 .text.TimerCallback
                0x0800a804       0x12 CMakeFiles/SLK-FreeRTOS.elf.dir/Middlewares/Third_Party/FreeRTOS/Source/CMSIS_RTOS_V2/cmsis_os2.c.obj
 *fill*         0x0800a816        0x2 
 .text.SysTick_Handler
                0x0800a818       0x1c CMakeFiles/SLK-FreeRTOS.elf.dir/Middlewares/Third_Party/FreeRTOS/Source/CMSIS_RTOS_V2/cmsis_os2.c.obj
                0x0800a818                SysTick_Handler
 .text.osKernelInitialize
                0x0800a834       0x28 CMakeFiles/SLK-FreeRTOS.elf.dir/Middlewares/Third_Party/FreeRTOS/Source/CMSIS_RTOS_V2/cmsis_os2.c.obj
                0x0800a834                osKernelInitialize
 .text.osKernelStart
                0x0800a85c       0x40 CMakeFiles/SLK-FreeRTOS.elf.dir/Middlewares/Third_Party/FreeRTOS/Source/CMSIS_RTOS_V2/cmsis_os2.c.obj
                0x0800a85c                osKernelStart
 .text.osThreadNew
                0x0800a89c       0xd2 CMakeFiles/SLK-FreeRTOS.elf.dir/Middlewares/Third_Party/FreeRTOS/Source/CMSIS_RTOS_V2/cmsis_os2.c.obj
                0x0800a89c                osThreadNew
 *fill*         0x0800a96e        0x2 
 .text.osTimerNew
                0x0800a970       0xac CMakeFiles/SLK-FreeRTOS.elf.dir/Middlewares/Third_Party/FreeRTOS/Source/CMSIS_RTOS_V2/cmsis_os2.c.obj
                0x0800a970                osTimerNew
 .text.osTimerStart
                0x0800aa1c       0x36 CMakeFiles/SLK-FreeRTOS.elf.dir/Middlewares/Third_Party/FreeRTOS/Source/CMSIS_RTOS_V2/cmsis_os2.c.obj
                0x0800aa1c                osTimerStart
 .text.osTimerStop
                0x0800aa52       0x4a CMakeFiles/SLK-FreeRTOS.elf.dir/Middlewares/Third_Party/FreeRTOS/Source/CMSIS_RTOS_V2/cmsis_os2.c.obj
                0x0800aa52                osTimerStop
 .text.osEventFlagsNew
                0x0800aa9c       0x50 CMakeFiles/SLK-FreeRTOS.elf.dir/Middlewares/Third_Party/FreeRTOS/Source/CMSIS_RTOS_V2/cmsis_os2.c.obj
                0x0800aa9c                osEventFlagsNew
 .text.osMessageQueueNew
                0x0800aaec       0xaa CMakeFiles/SLK-FreeRTOS.elf.dir/Middlewares/Third_Party/FreeRTOS/Source/CMSIS_RTOS_V2/cmsis_os2.c.obj
                0x0800aaec                osMessageQueueNew
 *fill*         0x0800ab96        0x2 
 .text.vApplicationGetIdleTaskMemory
                0x0800ab98       0x18 CMakeFiles/SLK-FreeRTOS.elf.dir/Middlewares/Third_Party/FreeRTOS/Source/CMSIS_RTOS_V2/cmsis_os2.c.obj
                0x0800ab98                vApplicationGetIdleTaskMemory
 .text.vApplicationGetTimerTaskMemory
                0x0800abb0       0x18 CMakeFiles/SLK-FreeRTOS.elf.dir/Middlewares/Third_Party/FreeRTOS/Source/CMSIS_RTOS_V2/cmsis_os2.c.obj
                0x0800abb0                vApplicationGetTimerTaskMemory
 .text.prvTestWaitCondition
                0x0800abc8       0x1e CMakeFiles/SLK-FreeRTOS.elf.dir/Middlewares/Third_Party/FreeRTOS/Source/event_groups.c.obj
 .text.xEventGroupCreateStatic
                0x0800abe6       0x2c CMakeFiles/SLK-FreeRTOS.elf.dir/Middlewares/Third_Party/FreeRTOS/Source/event_groups.c.obj
                0x0800abe6                xEventGroupCreateStatic
 .text.xEventGroupCreate
                0x0800ac12       0x1a CMakeFiles/SLK-FreeRTOS.elf.dir/Middlewares/Third_Party/FreeRTOS/Source/event_groups.c.obj
                0x0800ac12                xEventGroupCreate
 .text.xEventGroupWaitBits
                0x0800ac2c       0xee CMakeFiles/SLK-FreeRTOS.elf.dir/Middlewares/Third_Party/FreeRTOS/Source/event_groups.c.obj
                0x0800ac2c                xEventGroupWaitBits
 .text.xEventGroupClearBits
                0x0800ad1a       0x2a CMakeFiles/SLK-FreeRTOS.elf.dir/Middlewares/Third_Party/FreeRTOS/Source/event_groups.c.obj
                0x0800ad1a                xEventGroupClearBits
 .text.xEventGroupGetBitsFromISR
                0x0800ad44       0x12 CMakeFiles/SLK-FreeRTOS.elf.dir/Middlewares/Third_Party/FreeRTOS/Source/event_groups.c.obj
                0x0800ad44                xEventGroupGetBitsFromISR
 .text.xEventGroupSetBits
                0x0800ad56       0x70 CMakeFiles/SLK-FreeRTOS.elf.dir/Middlewares/Third_Party/FreeRTOS/Source/event_groups.c.obj
                0x0800ad56                xEventGroupSetBits
 .text.vListInitialise
                0x0800adc6       0x16 CMakeFiles/SLK-FreeRTOS.elf.dir/Middlewares/Third_Party/FreeRTOS/Source/list.c.obj
                0x0800adc6                vListInitialise
 .text.vListInitialiseItem
                0x0800addc        0x6 CMakeFiles/SLK-FreeRTOS.elf.dir/Middlewares/Third_Party/FreeRTOS/Source/list.c.obj
                0x0800addc                vListInitialiseItem
 .text.vListInsertEnd
                0x0800ade2       0x16 CMakeFiles/SLK-FreeRTOS.elf.dir/Middlewares/Third_Party/FreeRTOS/Source/list.c.obj
                0x0800ade2                vListInsertEnd
 .text.vListInsert
                0x0800adf8       0x2e CMakeFiles/SLK-FreeRTOS.elf.dir/Middlewares/Third_Party/FreeRTOS/Source/list.c.obj
                0x0800adf8                vListInsert
 .text.uxListRemove
                0x0800ae26       0x26 CMakeFiles/SLK-FreeRTOS.elf.dir/Middlewares/Third_Party/FreeRTOS/Source/list.c.obj
                0x0800ae26                uxListRemove
 .text.prvTaskExitError
                0x0800ae4c       0x24 CMakeFiles/SLK-FreeRTOS.elf.dir/Middlewares/Third_Party/FreeRTOS/Source/portable/GCC/ARM_CM0/port.c.obj
 .text.vPortStartFirstTask
                0x0800ae70       0x34 CMakeFiles/SLK-FreeRTOS.elf.dir/Middlewares/Third_Party/FreeRTOS/Source/portable/GCC/ARM_CM0/port.c.obj
 .text.pxPortInitialiseStack
                0x0800aea4       0x20 CMakeFiles/SLK-FreeRTOS.elf.dir/Middlewares/Third_Party/FreeRTOS/Source/portable/GCC/ARM_CM0/port.c.obj
                0x0800aea4                pxPortInitialiseStack
 .text.SVC_Handler
                0x0800aec4        0x2 CMakeFiles/SLK-FreeRTOS.elf.dir/Middlewares/Third_Party/FreeRTOS/Source/portable/GCC/ARM_CM0/port.c.obj
                0x0800aec4                SVC_Handler
 *fill*         0x0800aec6        0x2 
 .text.vPortYield
                0x0800aec8       0x18 CMakeFiles/SLK-FreeRTOS.elf.dir/Middlewares/Third_Party/FreeRTOS/Source/portable/GCC/ARM_CM0/port.c.obj
                0x0800aec8                vPortYield
 .text.vPortEnterCritical
                0x0800aee0       0x18 CMakeFiles/SLK-FreeRTOS.elf.dir/Middlewares/Third_Party/FreeRTOS/Source/portable/GCC/ARM_CM0/port.c.obj
                0x0800aee0                vPortEnterCritical
 .text.vPortExitCritical
                0x0800aef8       0x20 CMakeFiles/SLK-FreeRTOS.elf.dir/Middlewares/Third_Party/FreeRTOS/Source/portable/GCC/ARM_CM0/port.c.obj
                0x0800aef8                vPortExitCritical
 .text.ulSetInterruptMaskFromISR
                0x0800af18        0x8 CMakeFiles/SLK-FreeRTOS.elf.dir/Middlewares/Third_Party/FreeRTOS/Source/portable/GCC/ARM_CM0/port.c.obj
                0x0800af18                ulSetInterruptMaskFromISR
 .text.vClearInterruptMaskFromISR
                0x0800af20        0x6 CMakeFiles/SLK-FreeRTOS.elf.dir/Middlewares/Third_Party/FreeRTOS/Source/portable/GCC/ARM_CM0/port.c.obj
                0x0800af20                vClearInterruptMaskFromISR
 *fill*         0x0800af26        0xa 
 .text.PendSV_Handler
                0x0800af30       0x44 CMakeFiles/SLK-FreeRTOS.elf.dir/Middlewares/Third_Party/FreeRTOS/Source/portable/GCC/ARM_CM0/port.c.obj
                0x0800af30                PendSV_Handler
 .text.xPortSysTickHandler
                0x0800af74       0x24 CMakeFiles/SLK-FreeRTOS.elf.dir/Middlewares/Third_Party/FreeRTOS/Source/portable/GCC/ARM_CM0/port.c.obj
                0x0800af74                xPortSysTickHandler
 .text.vPortSetupTimerInterrupt
                0x0800af98       0x34 CMakeFiles/SLK-FreeRTOS.elf.dir/Middlewares/Third_Party/FreeRTOS/Source/portable/GCC/ARM_CM0/port.c.obj
                0x0800af98                vPortSetupTimerInterrupt
 .text.xPortStartScheduler
                0x0800afcc       0x3c CMakeFiles/SLK-FreeRTOS.elf.dir/Middlewares/Third_Party/FreeRTOS/Source/portable/GCC/ARM_CM0/port.c.obj
                0x0800afcc                xPortStartScheduler
 .text.prvHeapInit
                0x0800b008       0x64 CMakeFiles/SLK-FreeRTOS.elf.dir/Middlewares/Third_Party/FreeRTOS/Source/portable/MemMang/heap_4.c.obj
 .text.prvInsertBlockIntoFreeList
                0x0800b06c       0x54 CMakeFiles/SLK-FreeRTOS.elf.dir/Middlewares/Third_Party/FreeRTOS/Source/portable/MemMang/heap_4.c.obj
 .text.pvPortMalloc
                0x0800b0c0       0xdc CMakeFiles/SLK-FreeRTOS.elf.dir/Middlewares/Third_Party/FreeRTOS/Source/portable/MemMang/heap_4.c.obj
                0x0800b0c0                pvPortMalloc
 .text.vPortFree
                0x0800b19c       0x60 CMakeFiles/SLK-FreeRTOS.elf.dir/Middlewares/Third_Party/FreeRTOS/Source/portable/MemMang/heap_4.c.obj
                0x0800b19c                vPortFree
 .text.prvIsQueueFull
                0x0800b1fc       0x1e CMakeFiles/SLK-FreeRTOS.elf.dir/Middlewares/Third_Party/FreeRTOS/Source/queue.c.obj
 .text.prvIsQueueEmpty
                0x0800b21a       0x1c CMakeFiles/SLK-FreeRTOS.elf.dir/Middlewares/Third_Party/FreeRTOS/Source/queue.c.obj
 .text.prvCopyDataToQueue
                0x0800b236       0x82 CMakeFiles/SLK-FreeRTOS.elf.dir/Middlewares/Third_Party/FreeRTOS/Source/queue.c.obj
 .text.prvCopyDataFromQueue
                0x0800b2b8       0x24 CMakeFiles/SLK-FreeRTOS.elf.dir/Middlewares/Third_Party/FreeRTOS/Source/queue.c.obj
 .text.prvUnlockQueue
                0x0800b2dc       0x72 CMakeFiles/SLK-FreeRTOS.elf.dir/Middlewares/Third_Party/FreeRTOS/Source/queue.c.obj
 .text.xQueueGenericReset
                0x0800b34e       0x6e CMakeFiles/SLK-FreeRTOS.elf.dir/Middlewares/Third_Party/FreeRTOS/Source/queue.c.obj
                0x0800b34e                xQueueGenericReset
 .text.prvInitialiseNewQueue
                0x0800b3bc       0x22 CMakeFiles/SLK-FreeRTOS.elf.dir/Middlewares/Third_Party/FreeRTOS/Source/queue.c.obj
 .text.xQueueGenericCreateStatic
                0x0800b3de       0x54 CMakeFiles/SLK-FreeRTOS.elf.dir/Middlewares/Third_Party/FreeRTOS/Source/queue.c.obj
                0x0800b3de                xQueueGenericCreateStatic
 .text.xQueueGenericCreate
                0x0800b432       0x3c CMakeFiles/SLK-FreeRTOS.elf.dir/Middlewares/Third_Party/FreeRTOS/Source/queue.c.obj
                0x0800b432                xQueueGenericCreate
 .text.xQueueGenericSend
                0x0800b46e      0x128 CMakeFiles/SLK-FreeRTOS.elf.dir/Middlewares/Third_Party/FreeRTOS/Source/queue.c.obj
                0x0800b46e                xQueueGenericSend
 .text.xQueueGenericSendFromISR
                0x0800b596       0xac CMakeFiles/SLK-FreeRTOS.elf.dir/Middlewares/Third_Party/FreeRTOS/Source/queue.c.obj
                0x0800b596                xQueueGenericSendFromISR
 .text.xQueueReceive
                0x0800b642      0x116 CMakeFiles/SLK-FreeRTOS.elf.dir/Middlewares/Third_Party/FreeRTOS/Source/queue.c.obj
                0x0800b642                xQueueReceive
 .text.vQueueAddToRegistry
                0x0800b758       0x24 CMakeFiles/SLK-FreeRTOS.elf.dir/Middlewares/Third_Party/FreeRTOS/Source/queue.c.obj
                0x0800b758                vQueueAddToRegistry
 .text.vQueueWaitForMessageRestricted
                0x0800b77c       0x50 CMakeFiles/SLK-FreeRTOS.elf.dir/Middlewares/Third_Party/FreeRTOS/Source/queue.c.obj
                0x0800b77c                vQueueWaitForMessageRestricted
 .text.prvResetNextTaskUnblockTime
                0x0800b7cc       0x2c CMakeFiles/SLK-FreeRTOS.elf.dir/Middlewares/Third_Party/FreeRTOS/Source/tasks.c.obj
 .text.prvInitialiseNewTask
                0x0800b7f8       0xac CMakeFiles/SLK-FreeRTOS.elf.dir/Middlewares/Third_Party/FreeRTOS/Source/tasks.c.obj
 .text.prvInitialiseTaskLists
                0x0800b8a4       0x68 CMakeFiles/SLK-FreeRTOS.elf.dir/Middlewares/Third_Party/FreeRTOS/Source/tasks.c.obj
 .text.prvAddNewTaskToReadyList
                0x0800b90c       0xa4 CMakeFiles/SLK-FreeRTOS.elf.dir/Middlewares/Third_Party/FreeRTOS/Source/tasks.c.obj
 .text.prvDeleteTCB
                0x0800b9b0       0x2c CMakeFiles/SLK-FreeRTOS.elf.dir/Middlewares/Third_Party/FreeRTOS/Source/tasks.c.obj
 .text.prvCheckTasksWaitingTermination
                0x0800b9dc       0x44 CMakeFiles/SLK-FreeRTOS.elf.dir/Middlewares/Third_Party/FreeRTOS/Source/tasks.c.obj
 .text.prvIdleTask
                0x0800ba20       0x18 CMakeFiles/SLK-FreeRTOS.elf.dir/Middlewares/Third_Party/FreeRTOS/Source/tasks.c.obj
 .text.prvAddCurrentTaskToDelayedList
                0x0800ba38       0x7c CMakeFiles/SLK-FreeRTOS.elf.dir/Middlewares/Third_Party/FreeRTOS/Source/tasks.c.obj
 .text.xTaskCreateStatic
                0x0800bab4       0x54 CMakeFiles/SLK-FreeRTOS.elf.dir/Middlewares/Third_Party/FreeRTOS/Source/tasks.c.obj
                0x0800bab4                xTaskCreateStatic
 .text.xTaskCreate
                0x0800bb08       0x64 CMakeFiles/SLK-FreeRTOS.elf.dir/Middlewares/Third_Party/FreeRTOS/Source/tasks.c.obj
                0x0800bb08                xTaskCreate
 .text.vTaskStartScheduler
                0x0800bb6c       0x80 CMakeFiles/SLK-FreeRTOS.elf.dir/Middlewares/Third_Party/FreeRTOS/Source/tasks.c.obj
                0x0800bb6c                vTaskStartScheduler
 .text.vTaskSuspendAll
                0x0800bbec       0x10 CMakeFiles/SLK-FreeRTOS.elf.dir/Middlewares/Third_Party/FreeRTOS/Source/tasks.c.obj
                0x0800bbec                vTaskSuspendAll
 .text.xTaskGetTickCount
                0x0800bbfc        0xc CMakeFiles/SLK-FreeRTOS.elf.dir/Middlewares/Third_Party/FreeRTOS/Source/tasks.c.obj
                0x0800bbfc                xTaskGetTickCount
 .text.xTaskGetTickCountFromISR
                0x0800bc08        0xc CMakeFiles/SLK-FreeRTOS.elf.dir/Middlewares/Third_Party/FreeRTOS/Source/tasks.c.obj
                0x0800bc08                xTaskGetTickCountFromISR
 .text.xTaskIncrementTick
                0x0800bc14      0x114 CMakeFiles/SLK-FreeRTOS.elf.dir/Middlewares/Third_Party/FreeRTOS/Source/tasks.c.obj
                0x0800bc14                xTaskIncrementTick
 .text.xTaskResumeAll
                0x0800bd28       0xe8 CMakeFiles/SLK-FreeRTOS.elf.dir/Middlewares/Third_Party/FreeRTOS/Source/tasks.c.obj
                0x0800bd28                xTaskResumeAll
 .text.vTaskDelay
                0x0800be10       0x30 CMakeFiles/SLK-FreeRTOS.elf.dir/Middlewares/Third_Party/FreeRTOS/Source/tasks.c.obj
                0x0800be10                vTaskDelay
 .text.vTaskSwitchContext
                0x0800be40       0x88 CMakeFiles/SLK-FreeRTOS.elf.dir/Middlewares/Third_Party/FreeRTOS/Source/tasks.c.obj
                0x0800be40                vTaskSwitchContext
 .text.vTaskPlaceOnEventList
                0x0800bec8       0x24 CMakeFiles/SLK-FreeRTOS.elf.dir/Middlewares/Third_Party/FreeRTOS/Source/tasks.c.obj
                0x0800bec8                vTaskPlaceOnEventList
 .text.vTaskPlaceOnUnorderedEventList
                0x0800beec       0x40 CMakeFiles/SLK-FreeRTOS.elf.dir/Middlewares/Third_Party/FreeRTOS/Source/tasks.c.obj
                0x0800beec                vTaskPlaceOnUnorderedEventList
 .text.vTaskPlaceOnEventListRestricted
                0x0800bf2c       0x30 CMakeFiles/SLK-FreeRTOS.elf.dir/Middlewares/Third_Party/FreeRTOS/Source/tasks.c.obj
                0x0800bf2c                vTaskPlaceOnEventListRestricted
 .text.xTaskRemoveFromEventList
                0x0800bf5c       0x84 CMakeFiles/SLK-FreeRTOS.elf.dir/Middlewares/Third_Party/FreeRTOS/Source/tasks.c.obj
                0x0800bf5c                xTaskRemoveFromEventList
 .text.vTaskRemoveFromUnorderedEventList
                0x0800bfe0       0x74 CMakeFiles/SLK-FreeRTOS.elf.dir/Middlewares/Third_Party/FreeRTOS/Source/tasks.c.obj
                0x0800bfe0                vTaskRemoveFromUnorderedEventList
 .text.vTaskInternalSetTimeOutState
                0x0800c054       0x18 CMakeFiles/SLK-FreeRTOS.elf.dir/Middlewares/Third_Party/FreeRTOS/Source/tasks.c.obj
                0x0800c054                vTaskInternalSetTimeOutState
 .text.xTaskCheckForTimeOut
                0x0800c06c       0x68 CMakeFiles/SLK-FreeRTOS.elf.dir/Middlewares/Third_Party/FreeRTOS/Source/tasks.c.obj
                0x0800c06c                xTaskCheckForTimeOut
 .text.vTaskMissedYield
                0x0800c0d4        0xc CMakeFiles/SLK-FreeRTOS.elf.dir/Middlewares/Third_Party/FreeRTOS/Source/tasks.c.obj
                0x0800c0d4                vTaskMissedYield
 .text.xTaskGetSchedulerState
                0x0800c0e0       0x24 CMakeFiles/SLK-FreeRTOS.elf.dir/Middlewares/Third_Party/FreeRTOS/Source/tasks.c.obj
                0x0800c0e0                xTaskGetSchedulerState
 .text.xTaskPriorityDisinherit
                0x0800c104       0x78 CMakeFiles/SLK-FreeRTOS.elf.dir/Middlewares/Third_Party/FreeRTOS/Source/tasks.c.obj
                0x0800c104                xTaskPriorityDisinherit
 .text.uxTaskResetEventItemValue
                0x0800c17c       0x18 CMakeFiles/SLK-FreeRTOS.elf.dir/Middlewares/Third_Party/FreeRTOS/Source/tasks.c.obj
                0x0800c17c                uxTaskResetEventItemValue
 .text.prvGetNextExpireTime
                0x0800c194       0x24 CMakeFiles/SLK-FreeRTOS.elf.dir/Middlewares/Third_Party/FreeRTOS/Source/timers.c.obj
 .text.prvInsertTimerInActiveList
                0x0800c1b8       0x48 CMakeFiles/SLK-FreeRTOS.elf.dir/Middlewares/Third_Party/FreeRTOS/Source/timers.c.obj
 .text.prvCheckForValidListAndQueue
                0x0800c200       0x70 CMakeFiles/SLK-FreeRTOS.elf.dir/Middlewares/Third_Party/FreeRTOS/Source/timers.c.obj
 .text.prvInitialiseNewTimer
                0x0800c270       0x42 CMakeFiles/SLK-FreeRTOS.elf.dir/Middlewares/Third_Party/FreeRTOS/Source/timers.c.obj
 *fill*         0x0800c2b2        0x2 
 .text.xTimerCreateTimerTask
                0x0800c2b4       0x5c CMakeFiles/SLK-FreeRTOS.elf.dir/Middlewares/Third_Party/FreeRTOS/Source/timers.c.obj
                0x0800c2b4                xTimerCreateTimerTask
 .text.xTimerCreate
                0x0800c310       0x34 CMakeFiles/SLK-FreeRTOS.elf.dir/Middlewares/Third_Party/FreeRTOS/Source/timers.c.obj
                0x0800c310                xTimerCreate
 .text.xTimerCreateStatic
                0x0800c344       0x36 CMakeFiles/SLK-FreeRTOS.elf.dir/Middlewares/Third_Party/FreeRTOS/Source/timers.c.obj
                0x0800c344                xTimerCreateStatic
 *fill*         0x0800c37a        0x2 
 .text.xTimerGenericCommand
                0x0800c37c       0x60 CMakeFiles/SLK-FreeRTOS.elf.dir/Middlewares/Third_Party/FreeRTOS/Source/timers.c.obj
                0x0800c37c                xTimerGenericCommand
 .text.prvSwitchTimerLists
                0x0800c3dc       0x70 CMakeFiles/SLK-FreeRTOS.elf.dir/Middlewares/Third_Party/FreeRTOS/Source/timers.c.obj
 .text.prvSampleTimeNow
                0x0800c44c       0x2c CMakeFiles/SLK-FreeRTOS.elf.dir/Middlewares/Third_Party/FreeRTOS/Source/timers.c.obj
 .text.prvProcessExpiredTimer
                0x0800c478       0x5c CMakeFiles/SLK-FreeRTOS.elf.dir/Middlewares/Third_Party/FreeRTOS/Source/timers.c.obj
 .text.prvProcessTimerOrBlockTask
                0x0800c4d4       0x70 CMakeFiles/SLK-FreeRTOS.elf.dir/Middlewares/Third_Party/FreeRTOS/Source/timers.c.obj
 .text.prvProcessReceivedCommands
                0x0800c544       0xf0 CMakeFiles/SLK-FreeRTOS.elf.dir/Middlewares/Third_Party/FreeRTOS/Source/timers.c.obj
 .text.prvTimerTask
                0x0800c634       0x16 CMakeFiles/SLK-FreeRTOS.elf.dir/Middlewares/Third_Party/FreeRTOS/Source/timers.c.obj
 .text.xTimerIsTimerActive
                0x0800c64a       0x24 CMakeFiles/SLK-FreeRTOS.elf.dir/Middlewares/Third_Party/FreeRTOS/Source/timers.c.obj
                0x0800c64a                xTimerIsTimerActive
 .text.pvTimerGetTimerID
                0x0800c66e       0x18 CMakeFiles/SLK-FreeRTOS.elf.dir/Middlewares/Third_Party/FreeRTOS/Source/timers.c.obj
                0x0800c66e                pvTimerGetTimerID
 *fill*         0x0800c686        0x2 
 .text.__libc_init_array
                0x0800c688       0x44 d:/software/stm32cube/gcc-arm-none-eabi-10.3-2021.10/bin/../lib/gcc/arm-none-eabi/10.3.1/../../../../arm-none-eabi/lib/thumb/v6-m/nofp\libg.a(lib_a-init.o)
                0x0800c688                __libc_init_array
 .text.memcpy   0x0800c6cc       0xa4 d:/software/stm32cube/gcc-arm-none-eabi-10.3-2021.10/bin/../lib/gcc/arm-none-eabi/10.3.1/../../../../arm-none-eabi/lib/thumb/v6-m/nofp\libg.a(lib_a-memcpy-stub.o)
                0x0800c6cc                memcpy
 .text.memset   0x0800c770       0xa8 d:/software/stm32cube/gcc-arm-none-eabi-10.3-2021.10/bin/../lib/gcc/arm-none-eabi/10.3.1/../../../../arm-none-eabi/lib/thumb/v6-m/nofp\libg.a(lib_a-memset.o)
                0x0800c770                memset
 .text.startup.register_fini
                0x0800c818       0x18 d:/software/stm32cube/gcc-arm-none-eabi-10.3-2021.10/bin/../lib/gcc/arm-none-eabi/10.3.1/../../../../arm-none-eabi/lib/thumb/v6-m/nofp\libg.a(lib_a-__call_atexit.o)
 .text.atexit   0x0800c830       0x10 d:/software/stm32cube/gcc-arm-none-eabi-10.3-2021.10/bin/../lib/gcc/arm-none-eabi/10.3.1/../../../../arm-none-eabi/lib/thumb/v6-m/nofp\libg.a(lib_a-atexit.o)
                0x0800c830                atexit
 .text.__libc_fini_array
                0x0800c840       0x28 d:/software/stm32cube/gcc-arm-none-eabi-10.3-2021.10/bin/../lib/gcc/arm-none-eabi/10.3.1/../../../../arm-none-eabi/lib/thumb/v6-m/nofp\libg.a(lib_a-fini.o)
                0x0800c840                __libc_fini_array
 .text.__retarget_lock_acquire_recursive
                0x0800c868        0x4 d:/software/stm32cube/gcc-arm-none-eabi-10.3-2021.10/bin/../lib/gcc/arm-none-eabi/10.3.1/../../../../arm-none-eabi/lib/thumb/v6-m/nofp\libg.a(lib_a-lock.o)
                0x0800c868                __retarget_lock_acquire_recursive
 .text.__retarget_lock_release_recursive
                0x0800c86c        0x4 d:/software/stm32cube/gcc-arm-none-eabi-10.3-2021.10/bin/../lib/gcc/arm-none-eabi/10.3.1/../../../../arm-none-eabi/lib/thumb/v6-m/nofp\libg.a(lib_a-lock.o)
                0x0800c86c                __retarget_lock_release_recursive
 .text.__register_exitproc
                0x0800c870       0xac d:/software/stm32cube/gcc-arm-none-eabi-10.3-2021.10/bin/../lib/gcc/arm-none-eabi/10.3.1/../../../../arm-none-eabi/lib/thumb/v6-m/nofp\libg.a(lib_a-__atexit.o)
                0x0800c870                __register_exitproc
 .text.sin      0x0800c91c       0xa4 d:/software/stm32cube/gcc-arm-none-eabi-10.3-2021.10/bin/../lib/gcc/arm-none-eabi/10.3.1/../../../../arm-none-eabi/lib/thumb/v6-m/nofp\libm.a(lib_a-s_sin.o)
                0x0800c91c                sin
 .text.__ieee754_rem_pio2
                0x0800c9c0      0x410 d:/software/stm32cube/gcc-arm-none-eabi-10.3-2021.10/bin/../lib/gcc/arm-none-eabi/10.3.1/../../../../arm-none-eabi/lib/thumb/v6-m/nofp\libm.a(lib_a-e_rem_pio2.o)
                0x0800c9c0                __ieee754_rem_pio2
 .text.__kernel_cos
                0x0800cdd0      0x230 d:/software/stm32cube/gcc-arm-none-eabi-10.3-2021.10/bin/../lib/gcc/arm-none-eabi/10.3.1/../../../../arm-none-eabi/lib/thumb/v6-m/nofp\libm.a(lib_a-k_cos.o)
                0x0800cdd0                __kernel_cos
 .text.__kernel_rem_pio2
                0x0800d000      0x8c4 d:/software/stm32cube/gcc-arm-none-eabi-10.3-2021.10/bin/../lib/gcc/arm-none-eabi/10.3.1/../../../../arm-none-eabi/lib/thumb/v6-m/nofp\libm.a(lib_a-k_rem_pio2.o)
                0x0800d000                __kernel_rem_pio2
 .text.__kernel_sin
                0x0800d8c4      0x16c d:/software/stm32cube/gcc-arm-none-eabi-10.3-2021.10/bin/../lib/gcc/arm-none-eabi/10.3.1/../../../../arm-none-eabi/lib/thumb/v6-m/nofp\libm.a(lib_a-k_sin.o)
                0x0800d8c4                __kernel_sin
 .text.fabs     0x0800da30        0x8 d:/software/stm32cube/gcc-arm-none-eabi-10.3-2021.10/bin/../lib/gcc/arm-none-eabi/10.3.1/../../../../arm-none-eabi/lib/thumb/v6-m/nofp\libm.a(lib_a-s_fabs.o)
                0x0800da30                fabs
 .text.floor    0x0800da38      0x138 d:/software/stm32cube/gcc-arm-none-eabi-10.3-2021.10/bin/../lib/gcc/arm-none-eabi/10.3.1/../../../../arm-none-eabi/lib/thumb/v6-m/nofp\libm.a(lib_a-s_floor.o)
                0x0800da38                floor
 .text.scalbn   0x0800db70       0xf8 d:/software/stm32cube/gcc-arm-none-eabi-10.3-2021.10/bin/../lib/gcc/arm-none-eabi/10.3.1/../../../../arm-none-eabi/lib/thumb/v6-m/nofp\libm.a(lib_a-s_scalbn.o)
                0x0800db70                scalbn
 *(.glue_7)
 .glue_7        0x0800dc68        0x0 linker stubs
 *(.glue_7t)
 .glue_7t       0x0800dc68        0x0 linker stubs
 *(.eh_frame)
 .eh_frame      0x0800dc68        0x0 d:/software/stm32cube/gcc-arm-none-eabi-10.3-2021.10/bin/../lib/gcc/arm-none-eabi/10.3.1/thumb/v6-m/nofp/crtbegin.o
 *(.init)
 .init          0x0800dc68        0x4 d:/software/stm32cube/gcc-arm-none-eabi-10.3-2021.10/bin/../lib/gcc/arm-none-eabi/10.3.1/thumb/v6-m/nofp/crti.o
                0x0800dc68                _init
 .init          0x0800dc6c        0x8 d:/software/stm32cube/gcc-arm-none-eabi-10.3-2021.10/bin/../lib/gcc/arm-none-eabi/10.3.1/thumb/v6-m/nofp/crtn.o
 *(.fini)
 .fini          0x0800dc74        0x4 d:/software/stm32cube/gcc-arm-none-eabi-10.3-2021.10/bin/../lib/gcc/arm-none-eabi/10.3.1/thumb/v6-m/nofp/crti.o
                0x0800dc74                _fini
 .fini          0x0800dc78        0x8 d:/software/stm32cube/gcc-arm-none-eabi-10.3-2021.10/bin/../lib/gcc/arm-none-eabi/10.3.1/thumb/v6-m/nofp/crtn.o
                0x0800dc80                . = ALIGN (0x4)
                0x0800dc80                _etext = .

.vfp11_veneer   0x0800dc80        0x0
 .vfp11_veneer  0x0800dc80        0x0 linker stubs

.v4_bx          0x0800dc80        0x0
 .v4_bx         0x0800dc80        0x0 linker stubs

.iplt           0x0800dc80        0x0
 .iplt          0x0800dc80        0x0 d:/software/stm32cube/gcc-arm-none-eabi-10.3-2021.10/bin/../lib/gcc/arm-none-eabi/10.3.1/thumb/v6-m/nofp/crtbegin.o

.rodata         0x0800dc80      0x5f8
                0x0800dc80                . = ALIGN (0x4)
 *(.rodata)
 .rodata        0x0800dc80       0x80 d:/software/stm32cube/gcc-arm-none-eabi-10.3-2021.10/bin/../lib/gcc/arm-none-eabi/10.3.1/thumb/v6-m/nofp\libgcc.a(divsf3.o)
 .rodata        0x0800dd00       0x40 d:/software/stm32cube/gcc-arm-none-eabi-10.3-2021.10/bin/../lib/gcc/arm-none-eabi/10.3.1/thumb/v6-m/nofp\libgcc.a(mulsf3.o)
 .rodata        0x0800dd40       0x40 d:/software/stm32cube/gcc-arm-none-eabi-10.3-2021.10/bin/../lib/gcc/arm-none-eabi/10.3.1/thumb/v6-m/nofp\libgcc.a(divdf3.o)
 .rodata        0x0800dd80       0x40 d:/software/stm32cube/gcc-arm-none-eabi-10.3-2021.10/bin/../lib/gcc/arm-none-eabi/10.3.1/thumb/v6-m/nofp\libgcc.a(muldf3.o)
 *(.rodata*)
 .rodata.str1.4
                0x0800ddc0       0x7b CMakeFiles/SLK-FreeRTOS.elf.dir/Core/Src/app_freertos.c.obj
 *fill*         0x0800de3b        0x1 
 .rodata.All_Event_attributes
                0x0800de3c       0x10 CMakeFiles/SLK-FreeRTOS.elf.dir/Core/Src/app_freertos.c.obj
                0x0800de3c                All_Event_attributes
 .rodata.Charge_Task_attributes
                0x0800de4c       0x24 CMakeFiles/SLK-FreeRTOS.elf.dir/Core/Src/app_freertos.c.obj
                0x0800de4c                Charge_Task_attributes
 .rodata.Force_Queue_attributes
                0x0800de70       0x18 CMakeFiles/SLK-FreeRTOS.elf.dir/Core/Src/app_freertos.c.obj
                0x0800de70                Force_Queue_attributes
 .rodata.HeatTask_attributes
                0x0800de88       0x24 CMakeFiles/SLK-FreeRTOS.elf.dir/Core/Src/app_freertos.c.obj
                0x0800de88                HeatTask_attributes
 .rodata.Motor_Task_attributes
                0x0800deac       0x24 CMakeFiles/SLK-FreeRTOS.elf.dir/Core/Src/app_freertos.c.obj
                0x0800deac                Motor_Task_attributes
 .rodata.Temperature_Queue_attributes
                0x0800ded0       0x18 CMakeFiles/SLK-FreeRTOS.elf.dir/Core/Src/app_freertos.c.obj
                0x0800ded0                Temperature_Queue_attributes
 .rodata.Uart_ProcessTas_attributes
                0x0800dee8       0x24 CMakeFiles/SLK-FreeRTOS.elf.dir/Core/Src/app_freertos.c.obj
                0x0800dee8                Uart_ProcessTas_attributes
 .rodata.breatheTimer_attributes
                0x0800df0c       0x10 CMakeFiles/SLK-FreeRTOS.elf.dir/Core/Src/app_freertos.c.obj
                0x0800df0c                breatheTimer_attributes
 .rodata.dataQueue_attributes
                0x0800df1c       0x18 CMakeFiles/SLK-FreeRTOS.elf.dir/Core/Src/app_freertos.c.obj
                0x0800df1c                dataQueue_attributes
 .rodata.AHBPrescTable
                0x0800df34       0x40 CMakeFiles/SLK-FreeRTOS.elf.dir/Core/Src/system_stm32g0xx.c.obj
                0x0800df34                AHBPrescTable
 .rodata.APBPrescTable
                0x0800df74       0x20 CMakeFiles/SLK-FreeRTOS.elf.dir/Core/Src/system_stm32g0xx.c.obj
                0x0800df74                APBPrescTable
 .rodata.HAL_TIM_PWM_ConfigChannel
                0x0800df94       0x54 CMakeFiles/SLK-FreeRTOS.elf.dir/Drivers/STM32G0xx_HAL_Driver/Src/stm32g0xx_hal_tim.c.obj
 .rodata.UARTPrescTable
                0x0800dfe8       0x18 CMakeFiles/SLK-FreeRTOS.elf.dir/Drivers/STM32G0xx_HAL_Driver/Src/stm32g0xx_hal_uart.c.obj
                0x0800dfe8                UARTPrescTable
 .rodata.denominator.0
                0x0800e000        0x8 CMakeFiles/SLK-FreeRTOS.elf.dir/Drivers/STM32G0xx_HAL_Driver/Src/stm32g0xx_hal_uart_ex.c.obj
 .rodata.numerator.1
                0x0800e008        0x8 CMakeFiles/SLK-FreeRTOS.elf.dir/Drivers/STM32G0xx_HAL_Driver/Src/stm32g0xx_hal_uart_ex.c.obj
 .rodata.processData
                0x0800e010       0x48 CMakeFiles/SLK-FreeRTOS.elf.dir/Hardware/Src/Screen.c.obj
 .rodata.vTaskStartScheduler.str1.4
                0x0800e058        0x5 CMakeFiles/SLK-FreeRTOS.elf.dir/Middlewares/Third_Party/FreeRTOS/Source/tasks.c.obj
 *fill*         0x0800e05d        0x3 
 .rodata.prvCheckForValidListAndQueue.str1.4
                0x0800e060        0x5 CMakeFiles/SLK-FreeRTOS.elf.dir/Middlewares/Third_Party/FreeRTOS/Source/timers.c.obj
 *fill*         0x0800e065        0x3 
 .rodata.xTimerCreateTimerTask.str1.4
                0x0800e068        0x8 CMakeFiles/SLK-FreeRTOS.elf.dir/Middlewares/Third_Party/FreeRTOS/Source/timers.c.obj
 .rodata.prvProcessReceivedCommands
                0x0800e070       0x28 CMakeFiles/SLK-FreeRTOS.elf.dir/Middlewares/Third_Party/FreeRTOS/Source/timers.c.obj
 .rodata._global_impure_ptr
                0x0800e098        0x4 d:/software/stm32cube/gcc-arm-none-eabi-10.3-2021.10/bin/../lib/gcc/arm-none-eabi/10.3.1/../../../../arm-none-eabi/lib/thumb/v6-m/nofp\libg.a(lib_a-impure.o)
                0x0800e098                _global_impure_ptr
 .rodata.npio2_hw
                0x0800e09c       0x80 d:/software/stm32cube/gcc-arm-none-eabi-10.3-2021.10/bin/../lib/gcc/arm-none-eabi/10.3.1/../../../../arm-none-eabi/lib/thumb/v6-m/nofp\libm.a(lib_a-e_rem_pio2.o)
 .rodata.two_over_pi
                0x0800e11c      0x108 d:/software/stm32cube/gcc-arm-none-eabi-10.3-2021.10/bin/../lib/gcc/arm-none-eabi/10.3.1/../../../../arm-none-eabi/lib/thumb/v6-m/nofp\libm.a(lib_a-e_rem_pio2.o)
 *fill*         0x0800e224        0x4 
 .rodata.PIo2   0x0800e228       0x40 d:/software/stm32cube/gcc-arm-none-eabi-10.3-2021.10/bin/../lib/gcc/arm-none-eabi/10.3.1/../../../../arm-none-eabi/lib/thumb/v6-m/nofp\libm.a(lib_a-k_rem_pio2.o)